[www.albanyacademybahamas.com/index.html]
[static.parastorage.com/unpkg/core-js-bundle@3.2.1/minified.js]
[static.parastorage.com/unpkg/focus-within-polyfill@5.0.9/dist/focus-within-polyfill.js]
[backblue.gif]
[fade.gif]
[index.html]
[polyfill.io/v3/polyfill.mind82c.js]
[browser.sentry-cdn.com/6.18.2/bundle.min.js]
[www.albanyacademybahamas.com/decodeURIComponent(e.4.delayed]
[www.albanyacademybahamas.com/sitemap.xml]
[www.albanyacademybahamas.com/feed.6.delayed]
[static.parastorage.com/services/wix-thunderbolt/dist/ab-test-compilation/thunderbolt-commons.7ca534fa.bundle.min.js]
[static.parastorage.com/services/wix-thunderbolt/dist/ab-test-compilation/main.c16c2c7f.bundle.min.js]
[static.parastorage.com/unpkg/lodash@4.17.21/lodash.min.js]
[static.parastorage.com/unpkg/react@16.14.0/umd/react.production.min.js]
[static.parastorage.com/services/tag-manager-client/1.427.0/siteTags.bundle.min.js]
[static.parastorage.com/services/wix-perf-measure/1.1042.0/wix-perf-measure.bundle.min.js]
[static.parastorage.com/unpkg/react-dom@16.14.0/umd/react-dom.production.min.js]
[www.albanyacademybahamas.com/99a6a99f.min.e.delayed]
[www.albanyacademybahamas.com/7a36fe10.chunk.min.f.delayed]
[www.albanyacademybahamas.com/e3671379.chunk.min.10.delayed]
[www.albanyacademybahamas.com/rb_wixui.thunderbolt_bootstrap-classic.db545a77.chunk.min.11.delayed]
[www.albanyacademybahamas.com/rb_wixui.thunderbolt_bootstrap.8a86afda.chunk.min.12.delayed]
[www.albanyacademybahamas.com/rb_wixui.thunderbolt_bootstrap.7a36fe10.chunk.min.13.delayed]
[www.albanyacademybahamas.com/rb_wixui.thunderbolt_bootstrap-responsive.f3ca696f.chunk.min.14.delayed]
[www.albanyacademybahamas.com/rb_wixui.thunderbolt_bootstrap-responsive.e3671379.chunk.min.15.delayed]
[static.wixstatic.com/media/d5e4a0_f8a89962dbad4fb8b7bf664577de50a8f000.jpg/v1/fill/w_125,h_71,al_c,q_80,usm_0.66_1.00_0.01,blur_2,/d5e4a0_f8a89962dbad4fb8b7bf6645]
[static.wixstatic.com/media/d5e4a0_f8a89962dbad4fb8b7bf664577de50a8f000.jpg/v1/fill/w_118,h_66,al_c,q_80,usm_0.66_1.00_0.01,blur_2,/d5e4a0_f8a89962dbad4fb8b7bf6645]
[static.wixstatic.com/media/d5e4a0_da13d878e2224f0090d32d7c0c587f2b_mv2_d_5/v1/fill/w_82,h_55,al_c,q_80,usm_0.66_1.00_0.01,blur_2,e/d5e4a0_da13d878e2224f0090d32d7c]
[static.wixstatic.com/media/d5e4a0_6f7aebf4b72b4f3db3323f196ffcd2f0_mv2_d_5/v1/fill/w_123,h_92,al_c,q_80,usm_0.66_1.00_0.01,blur_2,/d5e4a0_6f7aebf4b72b4f3db3323f19]
[static.wixstatic.com/media/d5e4a0_da13d878e2224f0090d32d7c0c587f2b_mv2_d_5/v1/fill/w_128,h_86,al_c,q_80,usm_0.66_1.00_0.01,blur_2,/d5e4a0_da13d878e2224f0090d32d7c]
[static.wixstatic.com/media/d5e4a0_d7120be20f734ae380962954f8a32985_mv2_d_5/v1/fill/w_123,h_82,al_c,q_80,usm_0.66_1.00_0.01,blur_2,/d5e4a0_d7120be20f734ae380962954]
[www.albanyacademybahamas.com/campus-life.html]
[static.wixstatic.com/media/d5e4a0_e4fd369c54004caf82813ebf49dfd58c_mv2_d_5/v1/crop/x_864,y_0,w_3456,h_3456/fill/w_55,h_55,al_c,q_80,usm_0/iStock-498128575.1e.del]
[static.wixstatic.com/media/d5e4a0_ddf4db6a8bde49d7af9257031725a4f6_mv2_d_3/v1/crop/x_347,y_0,w_2906,h_2322/fill/w_102,h_82,al_c,q_80,usm_0/180603_AA_Gary-Bogdon-A]
[static.wixstatic.com/media/d5e4a0_330678b4987d4d8ab3b8ca7fbd2a85dc_mv2_d_3/v1/crop/x_600,y_0,w_2400,h_2400/fill/w_111,h_111,al_c,q_80,usm_0.66_1.0/WH194.20.delaye]
[static.wixstatic.com/media/d5e4a0_e2d0c6b85e5d42b7a2f2025502c9aa9c_mv2_d_7/v1/crop/x_1226,y_0,w_4901,h_4901/fill/w_55,h_55,al_c,q_80,usm_0/Sanctuary_065_Int_Live_]
[www.albanyacademybahamas.com/golf.html]
[www.albanyacademybahamas.com/tennis.html]
[www.albanyacademybahamas.com/athlete-approach.html]
[www.albanyacademybahamas.com/aa-news.html]
[static.wixstatic.com/media/d5e4a0_cfc50295dbfa48769b153a87350b9a71_mv2.png/v1/fill/w_60,h_5,al_c,q_85,usm_0.66_1.00_0.01,blur_2,enc_auto/Footer_NLC_Orb.png]
[www.albanyacademybahamas.com/index.html]
[www.albanyacademybahamas.com/decodeURIComponent(e.html]
[www.albanyacademybahamas.com/feed.html]
[www.albanyacademybahamas.com/99a6a99f.min.html]
[www.albanyacademybahamas.com/7a36fe10.chunk.min.html]
[www.albanyacademybahamas.com/e3671379.chunk.min.html]
[www.albanyacademybahamas.com/rb_wixui.thunderbolt_bootstrap-classic.db545a77.chunk.min.html]
[www.albanyacademybahamas.com/rb_wixui.thunderbolt_bootstrap.8a86afda.chunk.min.html]
[www.albanyacademybahamas.com/rb_wixui.thunderbolt_bootstrap.7a36fe10.chunk.min.html]
[www.albanyacademybahamas.com/rb_wixui.thunderbolt_bootstrap-responsive.f3ca696f.chunk.min.html]
[www.albanyacademybahamas.com/rb_wixui.thunderbolt_bootstrap-responsive.e3671379.chunk.min.html]
[www.albanyacademybahamas.com/campus-life.html]
[static.wixstatic.com/media/d5e4a0_8b969236db11440197d3ac0dc44d605f_mv2_d_3/v1/fill/w_118,h_87,al_c,q_80,usm_0.66_1.00_0.01,blur_2,/d5e4a0_8b969236db11440197d3ac0d]
[static.wixstatic.com/media/d5e4a0_f7d252d30d4c4592b6988ea52966546c_mv2.jpg/v1/fill/w_600,h_445,al_c,q_80,usm_0.66_1.00_0.01,enc_au/200312_AA_Golf-Academy-Brochure]
[static.wixstatic.com/media/d5e4a0_e96a95f6e28b4c9393fb878c9314ab44_mv2_d_5/v1/crop/x_580,y_990,w_4440,h_2200/fill/w_111,h_55,al_c,q_80,usm_0.66_/WHS-175.29.delaye]
[static.wixstatic.com/media/d5e4a0_61bfffd8cf63466e9a1d70aa7e84696e_mv2_d_3/v1/crop/x_0,y_308,w_3600,h_1784/fill/w_111,h_55,al_c,q_80,usm_0.66_1.00/WH015.2a.delaye]
[static.wixstatic.com/media/d5e4a0_34700d9aadcd4eacb3c4dea543f0c940_mv2_d_3/v1/crop/x_600,y_0,w_2400,h_2400/fill/w_55,h_55,al_c,q_80,usm_0/Bonfire and smores 1.2b]
[www.albanyacademybahamas.com/contact.html]
[static.wixstatic.com/media/d5e4a0_0951efabe26e48f99b26e920cf65d49b_mv2_d_4/v1/crop/x_319,y_0,w_3361,h_2082/fill/w_111,h_69,al_c,q_80,usm_0/Albany_Azul at Night.2d]
[static.wixstatic.com/media/d5e4a0_8313e3b69c85487990e14e4c9e201cb7_mv2_d_6/v1/crop/x_1000,y_0,w_4016,h_4016/fill/w_55,h_55,al_c,q_80,usm_0/Albany_1604-2643.2c.del]
[static.wixstatic.com/media/d5e4a0_7f552da9c58340cdbe21b133537112bc_mv2_d_5/v1/fill/w_65,h_33,al_c,q_85,usm_0.66_1.00_0.01,blur_2,e/d5e4a0_7f552da9c58340cdbe21b133]
[static.wixstatic.com/media/d5e4a0_aaa3395a7faa4e5492ebeaa07881adfc_mv2_d_2/v1/fill/w_87,h_65,al_c,q_80,usm_0.66_1.00_0.01,blur_2,e/Albany_Fall_9_BPM.jpg]
[static.wixstatic.com/media/d5e4a0_c020915da7cb4b80a2ca390fcff0de56_mv2_d_3/v1/crop/x_98,y_371,w_1812,h_1837/fill/w_444,h_450,al_c,q_80,usm/180603_AA_Gary-Bogdon-5]
[static.wixstatic.com/media/d5e4a0_42f30d9eadc44eeb825e741859161a02_mv2_d_3/v1/fill/w_87,h_58,al_c,q_80,usm_0.66_1.00_0.01,blur_2,e/180603_AA_Gary-Bogdon-54-EDIT.3]
[static.wixstatic.com/media/d5e4a0_d0ca557801e94fa187525d47ceaddca9_mv2_d_3/v1/fill/w_122,h_82,al_c,q_80,usm_0.66_1.00_0.01,blur_2,/d5e4a0_d0ca557801e94fa187525d47]
[static.wixstatic.com/media/d5e4a0_f691f566efe4417486b317b47ada015b_mv2_d_3/v1/crop/x_198,y_0,w_3203,h_2400/fill/w_87,h_65,al_c,q_80,usm_0/180603_AA_Gary-Bogdon-1]
[images-vod.wixmp.com/d5e4a083-c859-454f-aa2c-204f464bcfc7/images/530f72fece8843a5a1f8f1d88d891bc7_mv2/v1/fill/w_378,h_213/file.png]
[images-vod.wixmp.com/d5e4a083-c859-454f-aa2c-204f464bcfc7/images/32fe1e076a514846913475c1f1af9836f002/v1/fill/w_378,h_213,q_85,usm_0.66_1.00_0.01/file.jpg]
[images-vod.wixmp.com/d5e4a083-c859-454f-aa2c-204f464bcfc7/images/6f560c0a2df14c0991232798f7bbe865f002/v1/fill/w_378,h_213,q_85,usm_0.66_1.00_0.01/file.jpg]
[images-vod.wixmp.com/d5e4a083-c859-454f-aa2c-204f464bcfc7/images/8cddd6ce4e0542cb9c0d4f581b24f600f002/v1/fill/w_378,h_213,q_85,usm_0.66_1.00_0.01/file.jpg]
[static.wixstatic.com/media/d5e4a0_76323606436444faafc041a934f307ce_mv2.jpg/v1/crop/x_26,y_0,w_427,h_640/fill/w_65,h_97,al_c,q_80,usm_0.66_/Mark-Collins-bw.39.dela]
[static.wixstatic.com/media/d5e4a0_aa5c868c792744658124d0797c3dfe79_mv2.jpg/v1/fill/w_65,h_98,al_c,q_80,usm_0.66_1.00_0.01,blur_2,enc_auto/james-wright.jpg]
[www.albanyacademybahamas.com/golf.html]
[static.wixstatic.com/media/d5e4a0_726838397ce84698b9a23ad0bdc0180d_mv2.jpg/v1/crop/x_351,y_195,w_1108,h_1661/fill/w_65,h_97,al_c,q_80,usm_0.6/Jon_edited.38.delaye]
[static.parastorage.com/services/wix-thunderbolt/dist/bootstrap-features.9ca6e510.bundle.min.js]
[static.parastorage.com/services/wix-thunderbolt/dist/main.cb675ae8.bundle.min.js]
[www.albanyacademybahamas.com/tennis.html]
[static.wixstatic.com/media/d5e4a0_00af426730ab4203a49d0ffde8fb1917_mv2_d_3/v1/fill/w_147,h_98,al_c,q_80,usm_0.66_1.00_0.01,blur_2,/d5e4a0_00af426730ab4203a49d0ffd]
[static.wixstatic.com/media/d5e4a0_1a7adaf01ecd47bca8636baf2898c1d1_mv2_d_5/v1/crop/x_887,y_0,w_3410,h_3456/fill/w_444,h_450,al_c,q_80,usm_/180321_Tennis_Academy_L]
[static.wixstatic.com/media/d5e4a0_03fad652fb5d4e75aa51a4de3ea7ff60_mv2_d_4/v1/fill/w_118,h_78,al_c,q_80,usm_0.66_1.00_0.01,blur_2,/d5e4a0_03fad652fb5d4e75aa51a4de]
[static.wixstatic.com/media/d5e4a0_c32f39bb87d444e6a0451b5f49542d3a_mv2_d_5/v1/crop/x_325,y_0,w_5110,h_3840/fill/w_86,h_65,al_c,q_80,usm_0.6/WHS-276_EDIT.40.delaye]
[static.wixstatic.com/media/d5e4a0_af0ec3a7667542d1b48f2640a62df951_mv2_d_3/v1/crop/x_198,y_0,w_3203,h_2400/fill/w_87,h_65,al_c,q_80,usm_0.66_1.00_/WH422.41.delaye]
[www.albanyacademybahamas.com/version/index.html]
[static.parastorage.com/services/wix-code-platform/1.1097.93/elementory-browser-support.min.js]
[static.wixstatic.com/media/d5e4a0_f8dd0be31e504addb156248576067635_mv2.jpg/v1/crop/x_340,y_0,w_521,h_781/fill/w_65,h_97,al_c,q_80,usm_0.66/lleyton-hewitt.42.delay]
[static.wixstatic.com/media/d5e4a0_3bac67d37e97482e8e17177434fedbea_mv2_d_2/v1/crop/x_219,y_0,w_1390,h_2083/fill/w_65,h_97,al_c,q_80,usm_0/IMG_0564_EDIT.43.delaye]
[www.albanyacademybahamas.com/athlete-approach.html]
[static.wixstatic.com/media/d5e4a0_19e218f4125c4688bd6a50a84c9ffc7e_mv2.jpg/v1/crop/x_103,y_133,w_574,h_861/fill/w_65,h_98,al_c,q_80,usm_0/PHOTO-2020-09-22-13-49-]
[static.wixstatic.com/media/d5e4a0_5d2f623f07124007bfe2b0a2257fff16_mv2.jpg/v1/crop/x_220,y_305,w_892,h_1338/fill/w_65,h_98,al_c,q_80,usm_0.6/IMG_8311_bw.45.delaye]
[static.wixstatic.com/media/d5e4a0_cfd03fe4abcb461c98b0a78be7238b4d_mv2_d_3/v1/fill/w_118,h_78,al_c,q_80,usm_0.66_1.00_0.01,blur_2,/d5e4a0_cfd03fe4abcb461c98b0a78b]
[static.wixstatic.com/media/d5e4a0_f59f9e9ca9ce4365ad3b15432ea922d7_mv2_d_5/v1/fill/w_113,h_75,al_c,q_80,usm_0.66_1.00_0.01,blur_2,/d5e4a0_f59f9e9ca9ce4365ad3b1543]
[static.wixstatic.com/media/d5e4a0_9961f8a832dd45dfbcf9450263782555_mv2_d_1/v1/fill/w_82,h_61,al_c,q_85,usm_0.66_1.00_0.01,blur_2,e/d5e4a0_9961f8a832dd45dfbcf94502]
[static.wixstatic.com/media/d5e4a0_3248186281d34478b3fd63b6f9aa0275_mv2_d_3/v1/fill/w_82,h_55,al_c,q_80,usm_0.66_1.00_0.01,blur_2,e/d5e4a0_3248186281d34478b3fd63b6]
[static.wixstatic.com/media/d5e4a0_b424efcd5fa3442cb3f666c4457ee5b6_mv2.jpg/v1/crop/x_908,y_266,w_1731,h_2595/fill/w_65,h_97,al_c,q_80,usm_/Wellness-Caroline Kiria]
[www.albanyacademybahamas.com/blog-feed.xml]
[static.wixstatic.com/media/d5e4a0_c7d9acf7de874561ae0133557e944566_mv2.jpg/v1/crop/x_1176,y_126,w_1471,h_2205/fill/w_65,h_97,al_c,q_80,usm/Wellness-Andrew Khan 5_]
[static.wixstatic.com/media/d5e4a0_499046a83976476390be5899447abd76_mv2.jpg/v1/crop/x_981,y_373,w_1582,h_2373/fill/w_65,h_98,al_c,q_80,usm_/Wellness-Simon Frank 2_]
[static.wixstatic.com/media/d5e4a0_1b23888e15ce4223bdf51e28dd9d4077_mv2.jpg/v1/crop/x_912,y_748,w_1631,h_2445/fill/w_65,h_97,al_c,q_80,usm_/Wellnes-Dr Stephen Trus]
[static.parastorage.com/services/communities-blog-ooi/1.539.0/client/post-list-pro-gallery.chunk.min.css]
[static.parastorage.com/services/communities-blog-ooi/1.539.0/client/972.chunk.min.js]
[static.parastorage.com/services/communities-blog-ooi/1.539.0/client/5938.chunk.min.js]
[www.albanyacademybahamas.com/aa-news/page/2.html]
[static.parastorage.com/services/communities-blog-ooi/1.539.0/client/5967.chunk.min.js]
[static.parastorage.com/services/communities-blog-ooi/1.539.0/client/post-list-pro-gallery.chunk.min.js]
[static.wixstatic.com/media/3feb3d_2d7c4e7a959c42008a56d08a981605b1_mv2.jpe/v1/fill/w_250,h_250,al_c,q_30,blur_30,enc_auto/3feb3d_2d7c4e7a959c42008a56d08a981605b1_]
[static.wixstatic.com/media/d5e4a0_70223689ea82477cabb27db6a9a2c49f_mv2.png/v1/fit/w_64,h_64,al_c/file.png]
[static.wixstatic.com/media/d5e4a0_8ae9b95b7b544805adb4aa44bec17bbc_mv2_d_3/v1/fill/w_118,h_78,al_c,q_80,usm_0.66_1.00_0.01,blur_2,/d5e4a0_8ae9b95b7b544805adb4aa44]
[static.wixstatic.com/media/3feb3d_2d7c4e7a959c42008a56d08a981605b1_mv2.jpe/v1/fill/w_1,h_1,fp_0.50_0.50,q_90,enc_auto/3feb3d_2d7c4e7a959c42008a56d08a981605b1_mv2]
[static.wixstatic.com/media/d5e4a0_4d4ca3bd19264dc8911bf863a2b5b0b3_mv2.jpe/v1/fill/w_230,h_250,al_c,q_30,blur_30,enc_auto/d5e4a0_4d4ca3bd19264dc8911bf863a2b5b0b3_]
[www.albanyacademybahamas.com/post/student-athletes-compete-in-disney-fall-junior-open.html]
[www.albanyacademybahamas.com/post/emily-mayne-is-the-34th-caribbean-amateur-junior-girls-champion.html]
[static.wixstatic.com/media/d5e4a0_52ea63e573fc4111bba460c6d60cac30_mv2.jpe/v1/fill/w_188,h_250,al_c,q_30,blur_30,enc_auto/d5e4a0_52ea63e573fc4111bba460c6d60cac30_]
[static.wixstatic.com/media/d5e4a0_52ea63e573fc4111bba460c6d60cac30_mv2.jpe/v1/fill/w_1,h_1,fp_0.50_0.50,q_90,enc_auto/d5e4a0_52ea63e573fc4111bba460c6d60cac30_mv2]
[static.wixstatic.com/media/3feb3d_02bd958c2a99458ab1aae0f52d1052f6_mv2.jpe/v1/fill/w_250,h_172,al_c,q_30,blur_30,enc_auto/3feb3d_02bd958c2a99458ab1aae0f52d1052f6_]
[static.wixstatic.com/media/3feb3d_02bd958c2a99458ab1aae0f52d1052f6_mv2.jpe/v1/fill/w_1,h_1,fp_0.50_0.50,q_90,enc_auto/3feb3d_02bd958c2a99458ab1aae0f52d1052f6_mv2]
[www.albanyacademybahamas.com/post/anne-fernandez-wins-the-coastal-carolina-summer-junior-open.html]
[www.albanyacademybahamas.com/post/anne-fernandez-wins-the-upstate-junior-classic-championship.html]
[static.wixstatic.com/media/3feb3d_7d6f821c09894e46a24d7d918b26a936_mv2.jpe/v1/fill/w_250,h_250,al_c,q_30,blur_30,enc_auto/3feb3d_7d6f821c09894e46a24d7d918b26a936_]
[static.wixstatic.com/media/3feb3d_7d6f821c09894e46a24d7d918b26a936_mv2.jpe/v1/fill/w_1,h_1,fp_0.50_0.50,q_90,enc_auto/3feb3d_7d6f821c09894e46a24d7d918b26a936_mv2]
[www.albanyacademybahamas.com/post/luke-block-wins-2022-albany-club-championship.html]
[static.wixstatic.com/media/3feb3d_ca029691999143e780e33a5f0aba2e03_mv2.jpg/v1/fill/w_250,h_250,al_c,q_30,blur_30,enc_auto/3feb3d_ca029691999143e780e33a5f0aba2e03_]
[www.albanyacademybahamas.com/post/student-athletes-see-success-at-central-florida-spring-junior-open.html]
[static.wixstatic.com/media/3feb3d_ca029691999143e780e33a5f0aba2e03_mv2.jpg/v1/fill/w_1,h_1,fp_0.50_0.50,q_90,enc_auto/3feb3d_ca029691999143e780e33a5f0aba2e03_mv2]
[static.wixstatic.com/media/3feb3d_2b2d9d97b57e4eb695b22a534240bcc8_mv2.png/v1/fill/w_1,h_1,fp_0.50_0.50,q_95,enc_auto/3feb3d_2b2d9d97b57e4eb695b22a534240bcc8_mv2]
[static.wixstatic.com/media/3feb3d_44f61a5115ac481c8f99ca043c61d886_mv2.jpe/v1/fill/w_200,h_250,al_c,q_30,blur_30,enc_auto/3feb3d_44f61a5115ac481c8f99ca043c61d886_]
[static.wixstatic.com/media/3feb3d_44f61a5115ac481c8f99ca043c61d886_mv2.jpe/v1/fill/w_1,h_1,fp_0.50_0.50,q_90,enc_auto/3feb3d_44f61a5115ac481c8f99ca043c61d886_mv2]
[static.wixstatic.com/media/3feb3d_312cc8051b044b2abc1892d648195f83_mv2.jpg/v1/fill/w_250,h_250,al_c,q_30,blur_30,enc_auto/3feb3d_312cc8051b044b2abc1892d648195f83_]
[www.albanyacademybahamas.com/post/grace-crawford-wins-helen-holm-scottish-women-s-open.html]
[www.albanyacademybahamas.com/post/grace-crawford-wins-the-2022-r-a-u16-amateur-championship.html]
[static.wixstatic.com/media/3feb3d_312cc8051b044b2abc1892d648195f83_mv2.jpg/v1/fill/w_1,h_1,fp_0.50_0.50,q_90,enc_auto/3feb3d_312cc8051b044b2abc1892d648195f83_mv2]
[www.albanyacademybahamas.com/post/several-student-athletes-celebrate-recent-wins.html]
[static.wixstatic.com/media/3feb3d_072e8012d5614b819602f9936db01da5_mv2.jpe/v1/fill/w_1,h_1,fp_0.50_0.50,q_90,enc_auto/3feb3d_072e8012d5614b819602f9936db01da5_mv2]
[static.wixstatic.com/media/3feb3d_072e8012d5614b819602f9936db01da5_mv2.jpe/v1/fill/w_188,h_250,al_c,q_30,blur_30,enc_auto/3feb3d_072e8012d5614b819602f9936db01da5_]
[static.wixstatic.com/media/3feb3d_83dd6baa74054ba6a55fabf725b92119_mv2.jpe/v1/fill/w_250,h_250,al_c,q_30,blur_30,enc_auto/3feb3d_83dd6baa74054ba6a55fabf725b92119_]
[static.wixstatic.com/media/3feb3d_83dd6baa74054ba6a55fabf725b92119_mv2.jpe/v1/fill/w_1,h_1,fp_0.50_0.50,q_90,enc_auto/3feb3d_83dd6baa74054ba6a55fabf725b92119_mv2]
[www.albanyacademybahamas.com/post/student-athletes-compete-in-alaqua-junior-open.html]
[static.wixstatic.com/media/3feb3d_b3bf3226e8e147949db585e8cb77b2d4_mv2.jpe/v1/fill/w_250,h_188,al_c,q_30,blur_30,enc_auto/3feb3d_b3bf3226e8e147949db585e8cb77b2d4_]
[static.wixstatic.com/media/3feb3d_b3bf3226e8e147949db585e8cb77b2d4_mv2.jpe/v1/fill/w_1,h_1,fp_0.50_0.50,q_90,enc_auto/3feb3d_b3bf3226e8e147949db585e8cb77b2d4_mv2]
[www.albanyacademybahamas.com/post/holly-mclean-wins-national-amateur-championship.html]
[www.albanyacademybahamas.com/post/student-athletes-compete-at-the-village-golf-club-in-palm-beach-fl.html]
[www.albanyacademybahamas.com/aa-news/page/3.html]
[www.albanyacademybahamas.com/aa-news/page/4.html]
[www.albanyacademybahamas.com/aa-news.html]
[www.albanyacademybahamas.com/aa-news/page/5.html]
[www.albanyacademybahamas.com/aa-news/page/10.html]
[www.albanyacademybahamas.com/eec152dc.min.80.delayed]
[www.albanyacademybahamas.com/5f494459.min.81.delayed]
[www.albanyacademybahamas.com/7c602eb2.min.82.delayed]
[www.albanyacademybahamas.com/2b8b066f.min.83.delayed]
[www.albanyacademybahamas.com/rb_wixui.thunderbolt_common-site-members-dialogs.384b0b57.chunk.min.84.delayed]
[www.albanyacademybahamas.com/rb_wixui.thunderbolt_common-site-members-dialogs.2059cbfd.chunk.min.85.delayed]
[www.albanyacademybahamas.com/contact.html]
[www.albanyacademybahamas.com/version/index.html]
[static.wixstatic.com/media/d5e4a0_a7d2449dc0854b958d1f378f8997c4de_mv2.jpg/v1/fill/w_118,h_78,al_c,q_80,usm_0.66_1.00_0.01,blur_2,/d5e4a0_a7d2449dc0854b958d1f378f]
[static.wixstatic.com/media/d5e4a0_f121230ef6ea4b379e315632981dfd64_mv2.png/v1/fill/w_93,h_124,al_c,q_85,usm_0.66_1.00_0.01,blur_2,/Screen Shot 2018-09-11 at 9_36_]
[www.albanyacademybahamas.com/aa-news/page/robots.html]
[www.albanyacademybahamas.com/aa-news/page/sitemap.89.delayed]
[www.albanyacademybahamas.com/aa-news/page/decodeURIComponent(e.html]
[www.albanyacademybahamas.com/aa-news/page/feed.8a.delayed]
[www.albanyacademybahamas.com/aa-news/page/99a6a99f.min.html]
[www.albanyacademybahamas.com/aa-news/page/version/index.html]
[www.albanyacademybahamas.com/aa-news/page/7a36fe10.chunk.min.html]
[www.albanyacademybahamas.com/aa-news/page/e3671379.chunk.min.html]
[www.albanyacademybahamas.com/aa-news/page/rb_wixui.thunderbolt_bootstrap-classic.db545a77.chunk.min.html]
[www.albanyacademybahamas.com/aa-news/page/rb_wixui.thunderbolt_bootstrap.8a86afda.chunk.min.html]
[www.albanyacademybahamas.com/aa-news/page/rb_wixui.thunderbolt_bootstrap.7a36fe10.chunk.min.html]
[www.albanyacademybahamas.com/aa-news/page/rb_wixui.thunderbolt_bootstrap-responsive.f3ca696f.chunk.min.html]
[www.albanyacademybahamas.com/aa-news/page/rb_wixui.thunderbolt_bootstrap-responsive.e3671379.chunk.min.html]
[static.wixstatic.com/media/3feb3d_24382aed438d464386c446b59ff2cb3b_mv2.jpe/v1/fill/w_188,h_250,al_c,q_30,blur_30,enc_auto/3feb3d_24382aed438d464386c446b59ff2cb3b_]
[static.wixstatic.com/media/3feb3d_24382aed438d464386c446b59ff2cb3b_mv2.jpe/v1/fill/w_1,h_1,fp_0.50_0.50,q_90,enc_auto/3feb3d_24382aed438d464386c446b59ff2cb3b_mv2]
[static.wixstatic.com/media/3feb3d_4e6259ba8e034d89b371281b96f3f40f_mv2.jpg/v1/fill/w_214,h_250,al_c,q_30,blur_30,enc_auto/3feb3d_4e6259ba8e034d89b371281b96f3f40f_]
[static.wixstatic.com/media/3feb3d_4e6259ba8e034d89b371281b96f3f40f_mv2.jpg/v1/fill/w_1,h_1,fp_0.50_0.50,q_90,enc_auto/3feb3d_4e6259ba8e034d89b371281b96f3f40f_mv2]
[www.albanyacademybahamas.com/post/student-athletes-travel-to-compete-at-westchester-country-club.html]
[www.albanyacademybahamas.com/post/luke-block-earns-runner-up-finish.html]
[static.wixstatic.com/media/3feb3d_b1f23cb8f2434b6498eca003c19b3ba4_mv2.jpe/v1/fill/w_250,h_250,al_c,q_30,blur_30,enc_auto/3feb3d_b1f23cb8f2434b6498eca003c19b3ba4_]
[static.wixstatic.com/media/3feb3d_b1f23cb8f2434b6498eca003c19b3ba4_mv2.jpe/v1/fill/w_1,h_1,fp_0.50_0.50,q_90,enc_auto/3feb3d_b1f23cb8f2434b6498eca003c19b3ba4_mv2]
[www.albanyacademybahamas.com/post/luke-block-earns-top-3-finish.html]
[static.wixstatic.com/media/3feb3d_0127f019508241f997fe7a58c47deea8_mv2.jpg/v1/fill/w_250,h_140,al_c,q_30,blur_30,enc_auto/3feb3d_0127f019508241f997fe7a58c47deea8_]
[static.wixstatic.com/media/3feb3d_0127f019508241f997fe7a58c47deea8_mv2.jpg/v1/fill/w_1,h_1,fp_0.50_0.50,q_90,enc_auto/3feb3d_0127f019508241f997fe7a58c47deea8_mv2]
[static.wixstatic.com/media/3feb3d_b15e87f7d5da48a9bc16e6a45363dab8_mv2.jpe/v1/fill/w_200,h_250,al_c,q_30,blur_30,enc_auto/3feb3d_b15e87f7d5da48a9bc16e6a45363dab8_]
[static.wixstatic.com/media/3feb3d_b15e87f7d5da48a9bc16e6a45363dab8_mv2.jpe/v1/fill/w_1,h_1,fp_0.50_0.50,q_90,enc_auto/3feb3d_b15e87f7d5da48a9bc16e6a45363dab8_mv2]
[www.albanyacademybahamas.com/post/holly-mclean-commits-to-oklahoma-university.html]
[static.wixstatic.com/media/3feb3d_6c02722d30b5431898c551112d168a35_mv2.jpe/v1/fill/w_200,h_250,al_c,q_30,blur_30,enc_auto/3feb3d_6c02722d30b5431898c551112d168a35_]
[static.wixstatic.com/media/3feb3d_6c02722d30b5431898c551112d168a35_mv2.jpe/v1/fill/w_1,h_1,fp_0.50_0.50,q_90,enc_auto/3feb3d_6c02722d30b5431898c551112d168a35_mv2]
[www.albanyacademybahamas.com/post/walker-faust-scores-a-personal-best.html]
[static.wixstatic.com/media/3feb3d_daaa26fd575f493a8681c96b907b3a8b_mv2.jpe/v1/fill/w_188,h_250,al_c,q_30,blur_30,enc_auto/3feb3d_daaa26fd575f493a8681c96b907b3a8b_]
[static.wixstatic.com/media/3feb3d_daaa26fd575f493a8681c96b907b3a8b_mv2.jpe/v1/fill/w_1,h_1,fp_0.50_0.50,q_90,enc_auto/3feb3d_daaa26fd575f493a8681c96b907b3a8b_mv2]
[www.albanyacademybahamas.com/post/emily-mayne-finishes-in-2nd-place-at-pga-national-holiday-open.html]
[static.wixstatic.com/media/3feb3d_e6111b7bacde49e48d70287a25f085e2_mv2.jpg/v1/fill/w_189,h_250,al_c,q_30,blur_30,enc_auto/3feb3d_e6111b7bacde49e48d70287a25f085e2_]
[static.wixstatic.com/media/3feb3d_e6111b7bacde49e48d70287a25f085e2_mv2.jpg/v1/fill/w_1,h_1,fp_0.50_0.50,q_90,enc_auto/3feb3d_e6111b7bacde49e48d70287a25f085e2_mv2]
[www.albanyacademybahamas.com/post/walker-faust-finishes-in-2nd-place-at-the-grande-dunes-resort-club.html]
[www.albanyacademybahamas.com/post/anne-fernandez-wins-second-place-in-texas.html]
[static.wixstatic.com/media/3feb3d_b6282570d92240498d71bce1683fddf8_mv2.jpg/v1/fill/w_250,h_248,al_c,q_30,blur_30,enc_auto/3feb3d_b6282570d92240498d71bce1683fddf8_]
[static.wixstatic.com/media/3feb3d_b6282570d92240498d71bce1683fddf8_mv2.jpg/v1/fill/w_1,h_1,fp_0.50_0.50,q_90,enc_auto/3feb3d_b6282570d92240498d71bce1683fddf8_mv2]
[static.wixstatic.com/media/d5e4a0_cb2240e43c7d4f598e7028fc3b7cf90b_mv2.jpg/v1/fill/w_250,h_166,al_c,q_30,blur_30,enc_auto/d5e4a0_cb2240e43c7d4f598e7028fc3b7cf90b_]
[static.wixstatic.com/media/d5e4a0_cb2240e43c7d4f598e7028fc3b7cf90b_mv2.jpg/v1/fill/w_1,h_1,fp_0.50_0.50,q_90,enc_auto/d5e4a0_cb2240e43c7d4f598e7028fc3b7cf90b_mv2]
[www.albanyacademybahamas.com/post/sophie-anand-wins-ajga-tournament-in-debut-start.html]
[www.albanyacademybahamas.com/post/grace-crawford-featured-in-thescotsman.html]
[static.wixstatic.com/media/3feb3d_2e8bdb5dfc5242f383b30012318a9331_mv2.jpe/v1/fill/w_1,h_1,fp_0.50_0.50,q_90,enc_auto/3feb3d_2e8bdb5dfc5242f383b30012318a9331_mv2]
[static.wixstatic.com/media/699095_f77c9051df4943d58cad84172b9bfd1d_mv2.jpe/v1/fill/w_188,h_250,al_c,q_30,blur_30,enc_auto/699095_f77c9051df4943d58cad84172b9bfd1d_]
[www.albanyacademybahamas.com/post/alex-rowland-delivers-at-sea-island-junior-open.html]
[www.albanyacademybahamas.com/aa-news/page/2.html]
[static.parastorage.com/services/communities-blog-ooi/1.539.0/client/post-list-pro-gallery.chunk.min.css]
[static.wixstatic.com/media/699095_f77c9051df4943d58cad84172b9bfd1d_mv2.jpe/v1/fill/w_1,h_1,fp_0.50_0.50,q_90,enc_auto/699095_f77c9051df4943d58cad84172b9bfd1d_mv2]
[www.albanyacademybahamas.com/post/fantastic-weekend-results-from-albany-golf-academy.html]
[static.wixstatic.com/media/3feb3d_2e8bdb5dfc5242f383b30012318a9331_mv2.jpe/v1/fill/w_200,h_250,al_c,q_30,blur_30,enc_auto/3feb3d_2e8bdb5dfc5242f383b30012318a9331_]
[www.albanyacademybahamas.com/post/robots.html]
[www.albanyacademybahamas.com/post/sitemap.b9.delayed]
[www.albanyacademybahamas.com/post/decodeURIComponent(e.html]
[www.albanyacademybahamas.com/post/feed.ba.delayed]
[www.albanyacademybahamas.com/post/99a6a99f.min.html]
[www.albanyacademybahamas.com/post/7a36fe10.chunk.min.html]
[www.albanyacademybahamas.com/post/e3671379.chunk.min.html]
[www.albanyacademybahamas.com/post/rb_wixui.thunderbolt_bootstrap-classic.db545a77.chunk.min.html]
[www.albanyacademybahamas.com/post/rb_wixui.thunderbolt_bootstrap.8a86afda.chunk.min.html]
[www.albanyacademybahamas.com/post/rb_wixui.thunderbolt_bootstrap.7a36fe10.chunk.min.html]
[www.albanyacademybahamas.com/post/rb_wixui.thunderbolt_bootstrap-responsive.f3ca696f.chunk.min.html]
[www.albanyacademybahamas.com/post/student-athletes-compete-in-disney-fall-junior-open.html]
[static.wixstatic.com/media/3feb3d_05c93d1c0e89492cb076376070856898_mv2.jpg/v1/fill/w_147,h_147,al_c,q_80,usm_0.66_1.00_0.01,blur_2/3feb3d_05c93d1c0e89492cb0763760]
[static.wixstatic.com/media/3feb3d_e0382b78b4fc4423bdd1f3576a1af242_mv2.jpg/v1/fill/w_147,h_147,al_c,q_80,usm_0.66_1.00_0.01,blur_2/3feb3d_e0382b78b4fc4423bdd1f357]
[static.wixstatic.com/media/3feb3d_7ff0d5a703c44ce3bbfae6f44066ce22_mv2.jpg/v1/fill/w_147,h_147,al_c,q_80,usm_0.66_1.00_0.01,blur_2/3feb3d_7ff0d5a703c44ce3bbfae6f4]
[www.albanyacademybahamas.com/post/emily-mayne-is-the-34th-caribbean-amateur-junior-girls-champion.html]
[static.wixstatic.com/media/3feb3d_fc7f4db61fc74c25b6c2dc70cd7dbc05_mv2.jpg/v1/fill/w_147,h_147,al_c,q_80,usm_0.66_1.00_0.01,blur_2/3feb3d_fc7f4db61fc74c25b6c2dc70]
[static.wixstatic.com/media/d5e4a0_4d4ca3bd19264dc8911bf863a2b5b0b3_mv2.jpe/v1/fill/w_147,h_160,al_c,q_80,usm_0.66_1.00_0.01,blur_2/d5e4a0_4d4ca3bd19264dc8911bf863]
[www.albanyacademybahamas.com/post/anne-fernandez-wins-the-coastal-carolina-summer-junior-open.html]
[static.wixstatic.com/media/d5e4a0_52ea63e573fc4111bba460c6d60cac30_mv2.jpe/v1/fill/w_138,h_184,al_c,q_80,usm_0.66_1.00_0.01,blur_2/d5e4a0_52ea63e573fc4111bba460c6]
[www.albanyacademybahamas.com/post/anne-fernandez-wins-the-upstate-junior-classic-championship.html]
[static.wixstatic.com/media/3feb3d_02bd958c2a99458ab1aae0f52d1052f6_mv2.jpe/v1/fill/w_147,h_101,al_c,q_80,usm_0.66_1.00_0.01,blur_2/3feb3d_02bd958c2a99458ab1aae0f5]
[static.wixstatic.com/media/d5e4a0_4d4ca3bd19264dc8911bf863a2b5b0b3_mv2.jpe/v1/fill/w_1,h_1,fp_0.50_0.50,q_90,enc_auto/d5e4a0_4d4ca3bd19264dc8911bf863a2b5b0b3_mv2]
[www.albanyacademybahamas.com/post/version/index.html]
[static.parastorage.com/services/communities-blog-ooi/1.539.0/client/gallery-viewer.chunk.min.css]
[www.albanyacademybahamas.com/post/rb_wixui.thunderbolt_bootstrap-responsive.e3671379.chunk.min.html]
[static.parastorage.com/services/communities-blog-ooi/1.539.0/client/3812.chunk.min.js]
[static.parastorage.com/services/communities-blog-ooi/1.539.0/client/4653.chunk.min.js]
[www.albanyacademybahamas.com/post/luke-block-wins-2022-albany-club-championship.html]
[www.albanyacademybahamas.com/post/student-athletes-see-success-at-central-florida-spring-junior-open.html]
[static.parastorage.com/services/communities-blog-ooi/1.539.0/client/gallery-viewer.chunk.min.js]
[www.albanyacademybahamas.com/post/grace-crawford-wins-the-2022-r-a-u16-amateur-championship.html]
[static.wixstatic.com/media/3feb3d_ca029691999143e780e33a5f0aba2e03_mv2.jpg/v1/fill/w_147,h_147,al_c,q_80,usm_0.66_1.00_0.01,blur_2/3feb3d_ca029691999143e780e33a5f]
[www.albanyacademybahamas.com/post/grace-crawford-wins-helen-holm-scottish-women-s-open.html]
[www.albanyacademybahamas.com/post/several-student-athletes-celebrate-recent-wins.html]
[static.wixstatic.com/media/3feb3d_44f61a5115ac481c8f99ca043c61d886_mv2.jpe/v1/fill/w_147,h_184,al_c,q_80,usm_0.66_1.00_0.01,blur_2/3feb3d_44f61a5115ac481c8f99ca04]
[www.albanyacademybahamas.com/post/student-athletes-compete-in-alaqua-junior-open.html]
[static.wixstatic.com/media/3feb3d_312cc8051b044b2abc1892d648195f83_mv2.jpg/v1/fill/w_147,h_147,al_c,q_80,usm_0.66_1.00_0.01,blur_2/3feb3d_312cc8051b044b2abc1892d6]
[static.wixstatic.com/media/3feb3d_283a6c5ec13142e992670fca8d8f0fd6_mv2.jpe/v1/fill/w_138,h_138,al_c,q_80,usm_0.66_1.00_0.01,blur_2/3feb3d_283a6c5ec13142e992670fca]
[www.albanyacademybahamas.com/post/holly-mclean-wins-national-amateur-championship.html]
[static.wixstatic.com/media/3feb3d_072e8012d5614b819602f9936db01da5_mv2.jpe/v1/fill/w_147,h_196,al_c,q_80,usm_0.66_1.00_0.01,blur_2/3feb3d_072e8012d5614b819602f993]
[www.albanyacademybahamas.com/post/student-athletes-compete-at-the-village-golf-club-in-palm-beach-fl.html]
[static.wixstatic.com/media/3feb3d_83dd6baa74054ba6a55fabf725b92119_mv2.jpe/v1/fill/w_147,h_147,al_c,q_80,usm_0.66_1.00_0.01,blur_2/3feb3d_83dd6baa74054ba6a55fabf7]
[static.wixstatic.com/media/699095_d23d858485ad4071b3d1539448c7c046_mv2.jpg/v1/fill/w_1,h_1,fp_0.50_0.50,q_90,enc_auto/699095_d23d858485ad4071b3d1539448c7c046_mv2]
[static.wixstatic.com/media/699095_d23d858485ad4071b3d1539448c7c046_mv2.jpg/v1/fill/w_250,h_219,al_c,q_30,blur_30,enc_auto/699095_d23d858485ad4071b3d1539448c7c046_]
[static.wixstatic.com/media/699095_50e9453d74584db1a426e22b59822db7_mv2.jpg/v1/fill/w_1,h_1,fp_0.50_0.50,q_90,enc_auto/699095_50e9453d74584db1a426e22b59822db7_mv2]
[static.wixstatic.com/media/699095_50e9453d74584db1a426e22b59822db7_mv2.jpg/v1/fill/w_250,h_231,al_c,q_30,blur_30,enc_auto/699095_50e9453d74584db1a426e22b59822db7_]
[www.albanyacademybahamas.com/post/sophie-anand-wins-the-first-north-american-faldo-series-grand-final.html]
[www.albanyacademybahamas.com/post/emily-mayne-scores-a-personal-record.html]
[static.wixstatic.com/media/699095_508140afa86d47329c4ad6ef0db86b4c_mv2.jpg/v1/fill/w_250,h_111,al_c,q_30,blur_30,enc_auto/699095_508140afa86d47329c4ad6ef0db86b4c_]
[static.wixstatic.com/media/699095_508140afa86d47329c4ad6ef0db86b4c_mv2.jpg/v1/fill/w_1,h_1,fp_0.50_0.50,q_90,enc_auto/699095_508140afa86d47329c4ad6ef0db86b4c_mv2]
[static.wixstatic.com/media/699095_bccf7f104c3c401e968ba2a31920928e_mv2.jpg/v1/fill/w_1,h_1,fp_0.50_0.50,q_90,enc_auto/699095_bccf7f104c3c401e968ba2a31920928e_mv2]
[static.wixstatic.com/media/699095_bccf7f104c3c401e968ba2a31920928e_mv2.jpg/v1/fill/w_250,h_117,al_c,q_30,blur_30,enc_auto/699095_bccf7f104c3c401e968ba2a31920928e_]
[www.albanyacademybahamas.com/post/albany-golf-academy-holds-53-wins-in-54-tournaments.html]
[static.wixstatic.com/media/699095_219ef84b0d3649838aca5a30c7fc0e2a_mv2.jpg/v1/fill/w_222,h_250,al_c,q_30,blur_30,enc_auto/699095_219ef84b0d3649838aca5a30c7fc0e2a_]
[static.wixstatic.com/media/699095_219ef84b0d3649838aca5a30c7fc0e2a_mv2.jpg/v1/fill/w_1,h_1,fp_0.50_0.50,q_90,enc_auto/699095_219ef84b0d3649838aca5a30c7fc0e2a_mv2]
[www.albanyacademybahamas.com/post/albany-academy-students-continue-to-claim-the-leaderboard.html]
[static.wixstatic.com/media/699095_c556f36c794640d39e62df9c8a5db315_mv2.jpe/v1/fill/w_250,h_250,al_c,q_30,blur_30,enc_auto/699095_c556f36c794640d39e62df9c8a5db315_]
[static.wixstatic.com/media/699095_c556f36c794640d39e62df9c8a5db315_mv2.jpe/v1/fill/w_1,h_1,fp_0.50_0.50,q_90,enc_auto/699095_c556f36c794640d39e62df9c8a5db315_mv2]
[www.albanyacademybahamas.com/post/emily-mayne-wins-the-jga-national-senior-trials.html]
[static.wixstatic.com/media/699095_e6f1e2738291497385f683d07822bc28_mv2.jpg/v1/fill/w_1,h_1,fp_0.50_0.50,q_90,enc_auto/699095_e6f1e2738291497385f683d07822bc28_mv2]
[static.wixstatic.com/media/699095_e6f1e2738291497385f683d07822bc28_mv2.jpg/v1/fill/w_250,h_133,al_c,q_30,blur_30,enc_auto/699095_e6f1e2738291497385f683d07822bc28_]
[www.albanyacademybahamas.com/post/holly-mclean-leaves-her-mark-in-california.html]
[static.wixstatic.com/media/699095_aa112a3331534dd994bc9a235c486930_mv2.jpg/v1/fill/w_1,h_1,fp_0.50_0.50,q_90,enc_auto/699095_aa112a3331534dd994bc9a235c486930_mv2]
[static.wixstatic.com/media/699095_aa112a3331534dd994bc9a235c486930_mv2.jpg/v1/fill/w_250,h_221,al_c,q_30,blur_30,enc_auto/699095_aa112a3331534dd994bc9a235c486930_]
[www.albanyacademybahamas.com/post/sophie-anand-competed-in-the-prestigious-english-girls-amateur-championship.html]
[static.wixstatic.com/media/699095_6e6273eaa1cf4af9870ec20a9fcac07b_mv2.jpg/v1/fill/w_1,h_1,fp_0.50_0.50,q_90,enc_auto/699095_6e6273eaa1cf4af9870ec20a9fcac07b_mv2]
[static.wixstatic.com/media/699095_6e6273eaa1cf4af9870ec20a9fcac07b_mv2.jpg/v1/fill/w_250,h_250,al_c,q_30,blur_30,enc_auto/699095_6e6273eaa1cf4af9870ec20a9fcac07b_]
[www.albanyacademybahamas.com/post/academy-student-athletes-take-home-first-and-second-place-at-the-u-s-kids-golf-tournament.html]
[static.wixstatic.com/media/699095_f93dd422befd4108a8783526b6c64fb6_mv2.jpg/v1/fill/w_188,h_250,al_c,q_30,blur_30,enc_auto/699095_f93dd422befd4108a8783526b6c64fb6_]
[static.wixstatic.com/media/699095_f93dd422befd4108a8783526b6c64fb6_mv2.jpg/v1/fill/w_1,h_1,fp_0.50_0.50,q_90,enc_auto/699095_f93dd422befd4108a8783526b6c64fb6_mv2]
[www.albanyacademybahamas.com/post/a-solid-finish-for-emily-mayne-in-the-img-academy-junior-world-championships.html]
[www.albanyacademybahamas.com/post/stronger-together-luke-block-ties-for-first-with-help-of-anne-fernandez.html]
[static.wixstatic.com/media/699095_cb5d0c2b609d48bb995e0ae061e53715_mv2.jpe/v1/fill/w_250,h_250,al_c,q_30,blur_30,enc_auto/699095_cb5d0c2b609d48bb995e0ae061e53715_]
[static.wixstatic.com/media/699095_cb5d0c2b609d48bb995e0ae061e53715_mv2.jpe/v1/fill/w_1,h_1,fp_0.50_0.50,q_90,enc_auto/699095_cb5d0c2b609d48bb995e0ae061e53715_mv2]
[static.wixstatic.com/media/699095_1186c6bc83334e489b178efe2c84ebe6_mv2.jpg/v1/fill/w_210,h_250,al_c,q_30,blur_30,enc_auto/699095_1186c6bc83334e489b178efe2c84ebe6_]
[static.wixstatic.com/media/699095_1186c6bc83334e489b178efe2c84ebe6_mv2.jpg/v1/fill/w_1,h_1,fp_0.50_0.50,q_90,enc_auto/699095_1186c6bc83334e489b178efe2c84ebe6_mv2]
[www.albanyacademybahamas.com/aa-news/page/3.html]
[www.albanyacademybahamas.com/post/zion-taylor-wins-the-u-s-kids-tournament.html]
[static.wixstatic.com/media/699095_8044aed803d04bdcbb7b39ef9399fe4b_mv2.jpg/v1/fill/w_202,h_250,al_c,q_30,blur_30,enc_auto/699095_8044aed803d04bdcbb7b39ef9399fe4b_]
[www.albanyacademybahamas.com/post/margaret-fernandez-wins-the-bahamas-pro-golf-tour-amateur-division.html]
[static.wixstatic.com/media/699095_8044aed803d04bdcbb7b39ef9399fe4b_mv2.jpg/v1/fill/w_1,h_1,fp_0.50_0.50,q_90,enc_auto/699095_8044aed803d04bdcbb7b39ef9399fe4b_mv2]
[static.wixstatic.com/media/699095_14a80e961020428da3fc87a328e16e33_mv2.jpe/v1/fill/w_213,h_250,al_c,q_30,blur_30,enc_auto/699095_14a80e961020428da3fc87a328e16e33_]
[static.wixstatic.com/media/699095_14a80e961020428da3fc87a328e16e33_mv2.jpe/v1/fill/w_1,h_1,fp_0.50_0.50,q_90,enc_auto/699095_14a80e961020428da3fc87a328e16e33_mv2]
[www.albanyacademybahamas.com/post/the-captain-delivers-in-georgia.html]
[static.wixstatic.com/media/699095_7b192eb3bd89457186b7be9594376abd_mv2.jpg/v1/fill/w_213,h_250,al_c,q_30,blur_30,enc_auto/699095_7b192eb3bd89457186b7be9594376abd_]
[www.albanyacademybahamas.com/post/luke-block-finishes-strong-at-kiawah-island.html]
[static.wixstatic.com/media/699095_7b192eb3bd89457186b7be9594376abd_mv2.jpg/v1/fill/w_1,h_1,fp_0.50_0.50,q_90,enc_auto/699095_7b192eb3bd89457186b7be9594376abd_mv2]
[static.wixstatic.com/media/699095_1fc79f07a4b441d2b360fe33727b89bb_mv2.jpe/v1/fill/w_188,h_250,al_c,q_30,blur_30,enc_auto/699095_1fc79f07a4b441d2b360fe33727b89bb_]
[static.wixstatic.com/media/699095_1fc79f07a4b441d2b360fe33727b89bb_mv2.jpe/v1/fill/w_1,h_1,fp_0.50_0.50,q_90,enc_auto/699095_1fc79f07a4b441d2b360fe33727b89bb_mv2]
[www.albanyacademybahamas.com/post/heath-kane-joins-the-winner-s-circle.html]
[www.albanyacademybahamas.com/post/first-place-win-for-alexander-rowland.html]
[static.wixstatic.com/media/a27d24_e98628c861ee452f861929414a850b68_mv2.jpg/v1/fill/w_235,h_250,al_c,q_30,blur_30,enc_auto/a27d24_e98628c861ee452f861929414a850b68_]
[static.wixstatic.com/media/a27d24_e98628c861ee452f861929414a850b68_mv2.jpg/v1/fill/w_1,h_1,fp_0.50_0.50,q_90,enc_auto/a27d24_e98628c861ee452f861929414a850b68_mv2]
[static.wixstatic.com/media/699095_37db33bbb22941d4a41175419ffd5769_mv2.jpg/v1/fill/w_250,h_241,al_c,q_30,blur_30,enc_auto/699095_37db33bbb22941d4a41175419ffd5769_]
[static.wixstatic.com/media/699095_37db33bbb22941d4a41175419ffd5769_mv2.jpg/v1/fill/w_1,h_1,fp_0.50_0.50,q_90,enc_auto/699095_37db33bbb22941d4a41175419ffd5769_mv2]
[www.albanyacademybahamas.com/post/a-triumphant-win-for-sophie-anand.html]
[static.wixstatic.com/media/699095_64fac33f7d7746e2b803466b7b67a92e_mv2.jpe/v1/fill/w_200,h_250,al_c,q_30,blur_30,enc_auto/699095_64fac33f7d7746e2b803466b7b67a92e_]
[www.albanyacademybahamas.com/post/personal-best-for-olly-white.html]
[static.wixstatic.com/media/699095_64fac33f7d7746e2b803466b7b67a92e_mv2.jpe/v1/fill/w_1,h_1,fp_0.50_0.50,q_90,enc_auto/699095_64fac33f7d7746e2b803466b7b67a92e_mv2]
[static.wixstatic.com/media/699095_5142851dc245429981f9fb4cb5a667ff_mv2.jpe/v1/fill/w_188,h_250,al_c,q_30,blur_30,enc_auto/699095_5142851dc245429981f9fb4cb5a667ff_]
[www.albanyacademybahamas.com/post/aidan-o-hagan-finishes-strong-at-the-hjgt-fall-junior-open.html]
[static.wixstatic.com/media/699095_5142851dc245429981f9fb4cb5a667ff_mv2.jpe/v1/fill/w_1,h_1,fp_0.50_0.50,q_90,enc_auto/699095_5142851dc245429981f9fb4cb5a667ff_mv2]
[static.wixstatic.com/media/699095_61eece9c61694f148cefff725aaee709_mv2.jpe/v1/fill/w_1,h_1,fp_0.50_0.50,q_90,enc_auto/699095_61eece9c61694f148cefff725aaee709_mv2]
[static.wixstatic.com/media/699095_61eece9c61694f148cefff725aaee709_mv2.jpe/v1/fill/w_188,h_250,al_c,q_30,blur_30,enc_auto/699095_61eece9c61694f148cefff725aaee709_]
[www.albanyacademybahamas.com/post/an-amazing-second-place-win-for-sophie-anand.html]
[static.wixstatic.com/media/699095_68110287361242f9a2578acf66c25497_mv2.jpe/v1/fill/w_188,h_250,al_c,q_30,blur_30,enc_auto/699095_68110287361242f9a2578acf66c25497_]
[static.wixstatic.com/media/699095_68110287361242f9a2578acf66c25497_mv2.jpe/v1/fill/w_1,h_1,fp_0.50_0.50,q_90,enc_auto/699095_68110287361242f9a2578acf66c25497_mv2]
[www.albanyacademybahamas.com/post/holly-mclean-takes-third-in-hjgt-orlando-academy-cup.html]
[static.wixstatic.com/media/699095_279ab081a20344d69048d1f3cad3e14b_mv2.jpg/v1/fill/w_250,h_154,al_c,q_30,blur_30,enc_auto/699095_279ab081a20344d69048d1f3cad3e14b_]
[www.albanyacademybahamas.com/post/an-exciting-start-to-captain-harry-s-career.html]
[static.wixstatic.com/media/699095_279ab081a20344d69048d1f3cad3e14b_mv2.jpg/v1/fill/w_1,h_1,fp_0.50_0.50,q_90,enc_auto/699095_279ab081a20344d69048d1f3cad3e14b_mv2]
[static.wixstatic.com/media/699095_7054e78550ec4fa698dc2a2ac0b1a1ae_mv2.jpg/v1/fill/w_250,h_250,al_c,q_30,blur_30,enc_auto/699095_7054e78550ec4fa698dc2a2ac0b1a1ae_]
[static.wixstatic.com/media/699095_7054e78550ec4fa698dc2a2ac0b1a1ae_mv2.jpg/v1/fill/w_1,h_1,fp_0.50_0.50,q_90,enc_auto/699095_7054e78550ec4fa698dc2a2ac0b1a1ae_mv2]
[www.albanyacademybahamas.com/post/aidan-o-hagan-joins-the-university-of-washington.html]
[www.albanyacademybahamas.com/post/sophie-anand-commits-to-become-an-auburn-tiger.html]
[www.albanyacademybahamas.com/aa-news/page/4.html]
[www.albanyacademybahamas.com/aa-news/page/6.html]
[static.wixstatic.com/media/699095_8606f6f12386456f98f57062497e5564_mv2.jpg/v1/fill/w_216,h_250,al_c,q_30,blur_30,enc_auto/699095_8606f6f12386456f98f57062497e5564_]
[static.wixstatic.com/media/699095_8606f6f12386456f98f57062497e5564_mv2.jpg/v1/fill/w_1,h_1,fp_0.50_0.50,q_90,enc_auto/699095_8606f6f12386456f98f57062497e5564_mv2]
[static.wixstatic.com/media/699095_2c9c772a8acd46048f88cb96f0df6829_mv2.jpg/v1/fill/w_124,h_250,al_c,q_30,blur_30,enc_auto/699095_2c9c772a8acd46048f88cb96f0df6829_]
[www.albanyacademybahamas.com/post/another-championship-title-for-sophie-anand.html]
[static.wixstatic.com/media/699095_2c9c772a8acd46048f88cb96f0df6829_mv2.jpg/v1/fill/w_1,h_2,fp_0.50_0.50,q_90,enc_auto/699095_2c9c772a8acd46048f88cb96f0df6829_mv2]
[static.wixstatic.com/media/699095_096e309905ff4a9ea5e5307ab38b0d97_mv2.jpg/v1/fill/w_250,h_250,al_c,q_30,blur_30,enc_auto/699095_096e309905ff4a9ea5e5307ab38b0d97_]
[static.wixstatic.com/media/699095_096e309905ff4a9ea5e5307ab38b0d97_mv2.jpg/v1/fill/w_1,h_1,fp_0.50_0.50,q_90,enc_auto/699095_096e309905ff4a9ea5e5307ab38b0d97_mv2]
[www.albanyacademybahamas.com/post/second-place-win-for-luke-block.html]
[static.wixstatic.com/media/699095_e257b50bbb4f447bb4041928aed3e98b_mv2.jpg/v1/fill/w_250,h_250,al_c,q_30,blur_30,enc_auto/699095_e257b50bbb4f447bb4041928aed3e98b_]
[static.wixstatic.com/media/699095_e257b50bbb4f447bb4041928aed3e98b_mv2.jpg/v1/fill/w_1,h_1,fp_0.50_0.50,q_90,enc_auto/699095_e257b50bbb4f447bb4041928aed3e98b_mv2]
[www.albanyacademybahamas.com/post/jenna-bayles-joins-lynn-university.html]
[static.wixstatic.com/media/699095_f33851388c1f46109f1c7b48cb8111a6_mv2.jpg/v1/fill/w_250,h_250,al_c,q_30,blur_30,enc_auto/699095_f33851388c1f46109f1c7b48cb8111a6_]
[static.wixstatic.com/media/699095_f33851388c1f46109f1c7b48cb8111a6_mv2.jpg/v1/fill/w_1,h_1,fp_0.50_0.50,q_90,enc_auto/699095_f33851388c1f46109f1c7b48cb8111a6_mv2]
[www.albanyacademybahamas.com/post/cameron-johnstone-signs-with-the-college-of-charleston.html]
[static.wixstatic.com/media/699095_1db940f191e14b688eec290de366ba44_mv2.jpg/v1/fill/w_214,h_250,al_c,q_30,blur_30,enc_auto/699095_1db940f191e14b688eec290de366ba44_]
[static.wixstatic.com/media/699095_1db940f191e14b688eec290de366ba44_mv2.jpg/v1/fill/w_1,h_1,fp_0.50_0.50,q_90,enc_auto/699095_1db940f191e14b688eec290de366ba44_mv2]
[www.albanyacademybahamas.com/post/alexis-valenzuela-becomes-an-smu-mustang.html]
[www.albanyacademybahamas.com/post/amazing-wins-at-the-national-bgf-junior-championship.html]
[static.wixstatic.com/media/699095_9d6bc01692274833a5a0cce920d5981d_mv2.jpg/v1/fill/w_250,h_125,al_c,q_30,blur_30,enc_auto/699095_9d6bc01692274833a5a0cce920d5981d_]
[static.wixstatic.com/media/699095_9d6bc01692274833a5a0cce920d5981d_mv2.jpg/v1/fill/w_1,h_1,fp_0.50_0.50,q_90,enc_auto/699095_9d6bc01692274833a5a0cce920d5981d_mv2]
[static.wixstatic.com/media/699095_f459cfc7491c4c228f294b2add873de5_mv2.jpe/v1/fill/w_213,h_250,al_c,q_30,blur_30,enc_auto/699095_f459cfc7491c4c228f294b2add873de5_]
[static.wixstatic.com/media/699095_f459cfc7491c4c228f294b2add873de5_mv2.jpe/v1/fill/w_1,h_1,fp_0.50_0.50,q_90,enc_auto/699095_f459cfc7491c4c228f294b2add873de5_mv2]
[static.wixstatic.com/media/699095_92aa848f504e436da53311bb3ba11815_mv2.jpe/v1/fill/w_250,h_250,al_c,q_30,blur_30,enc_auto/699095_92aa848f504e436da53311bb3ba11815_]
[www.albanyacademybahamas.com/post/holly-mclean-wins-the-28th-cayman-islands-amateur-championship.html]
[static.wixstatic.com/media/699095_92aa848f504e436da53311bb3ba11815_mv2.jpe/v1/fill/w_1,h_1,fp_0.50_0.50,q_90,enc_auto/699095_92aa848f504e436da53311bb3ba11815_mv2]
[static.wixstatic.com/media/699095_6fe520e57e8d4d458c205c5fde80e013_mv2.jpg/v1/fill/w_250,h_229,al_c,q_30,blur_30,enc_auto/699095_6fe520e57e8d4d458c205c5fde80e013_]
[www.albanyacademybahamas.com/post/an-outstanding-weekend-at-hjgt-s-54-hole-open-at-king-and-prince.html]
[static.wixstatic.com/media/699095_6fe520e57e8d4d458c205c5fde80e013_mv2.jpg/v1/fill/w_1,h_1,fp_0.50_0.50,q_90,enc_auto/699095_6fe520e57e8d4d458c205c5fde80e013_mv2]
[www.albanyacademybahamas.com/post/albany-academy-leaves-their-mark-at-the-hjgt-south-florida-fall-junior-open.html]
[static.wixstatic.com/media/699095_d648a50dc5ac435794818cacae2e6b6f_mv2.jpg/v1/fill/w_250,h_188,al_c,q_30,blur_30,enc_auto/699095_d648a50dc5ac435794818cacae2e6b6f_]
[static.wixstatic.com/media/699095_d648a50dc5ac435794818cacae2e6b6f_mv2.jpg/v1/fill/w_1,h_1,fp_0.50_0.50,q_90,enc_auto/699095_d648a50dc5ac435794818cacae2e6b6f_mv2]
[www.albanyacademybahamas.com/post/heath-kane-claims-victory-at-the-pinehurst-junior-open.html]
[static.wixstatic.com/media/699095_817fe031f6074fbb8831b087c661e9ad_mv2.jpg/v1/fill/w_250,h_193,al_c,q_30,blur_30,enc_auto/699095_817fe031f6074fbb8831b087c661e9ad_]
[static.wixstatic.com/media/699095_817fe031f6074fbb8831b087c661e9ad_mv2.jpg/v1/fill/w_1,h_1,fp_0.50_0.50,q_90,enc_auto/699095_817fe031f6074fbb8831b087c661e9ad_mv2]
[www.albanyacademybahamas.com/post/a-winning-streak-kept-alive-at-the-hjgt-saddlebrook-junior-open.html]
[www.albanyacademybahamas.com/post/heath-kane-s-phenomenal-win-at-the-bahamas-professional-tour.html]
[www.albanyacademybahamas.com/aa-news/page/5.html]
[www.albanyacademybahamas.com/aa-news/page/7.html]
[www.albanyacademybahamas.com/aa-news/page/9.html]
[static.wixstatic.com/media/d5e4a0_4575c5525bd4423ea8e67e3b18853c25_mv2.jpg/v1/fill/w_250,h_250,al_c,q_30,blur_30,enc_auto/d5e4a0_4575c5525bd4423ea8e67e3b18853c25_]
[static.wixstatic.com/media/d5e4a0_4575c5525bd4423ea8e67e3b18853c25_mv2.jpg/v1/fill/w_1,h_1,fp_0.50_0.50,q_90,enc_auto/d5e4a0_4575c5525bd4423ea8e67e3b18853c25_mv2]
[static.wixstatic.com/media/d5e4a0_42027083875f4424a193c3b6427863e8_mv2.jpg/v1/fill/w_250,h_167,al_c,q_30,blur_30,enc_auto/d5e4a0_42027083875f4424a193c3b6427863e8_]
[static.wixstatic.com/media/d5e4a0_42027083875f4424a193c3b6427863e8_mv2.jpg/v1/fill/w_1,h_1,fp_0.50_0.50,q_90,enc_auto/d5e4a0_42027083875f4424a193c3b6427863e8_mv2]
[www.albanyacademybahamas.com/post/jacobi-bain-closes-an-exciting-2018-tennis-season.html]
[www.albanyacademybahamas.com/post/sydney-clarke-wins-in-singles-and-doubles-in-tobago-s-u18-itf-junior-tournament.html]
[www.albanyacademybahamas.com/aa-news/page/10.html]
[www.albanyacademybahamas.com/eec152dc.min.html]
[www.albanyacademybahamas.com/5f494459.min.html]
[www.albanyacademybahamas.com/7c602eb2.min.html]
[www.albanyacademybahamas.com/2b8b066f.min.html]
[www.albanyacademybahamas.com/rb_wixui.thunderbolt_common-site-members-dialogs.384b0b57.chunk.min.html]
[www.albanyacademybahamas.com/rb_wixui.thunderbolt_common-site-members-dialogs.2059cbfd.chunk.min.html]
[www.albanyacademybahamas.com/aa-news/page/decodeURIComponent(e.html]
[www.albanyacademybahamas.com/aa-news/page/robots.html]
[www.albanyacademybahamas.com/aa-news/page/sitemap.html]
[www.albanyacademybahamas.com/aa-news/page/feed.html]
[www.albanyacademybahamas.com/aa-news/page/8.html]
[www.albanyacademybahamas.com/aa-news/page/version/decodeURIComponent(e.html]
[www.albanyacademybahamas.com/aa-news/page/version/robots.html]
[www.albanyacademybahamas.com/aa-news/page/version/sitemap.14c.delayed]
[www.albanyacademybahamas.com/aa-news/page/version/feed.14d.delayed]
[www.albanyacademybahamas.com/aa-news/page/version/version/index.html]
[www.albanyacademybahamas.com/aa-news/page/version/99a6a99f.min.html]
[www.albanyacademybahamas.com/aa-news/page/version/7a36fe10.chunk.min.html]
[www.albanyacademybahamas.com/aa-news/page/version/e3671379.chunk.min.html]
[www.albanyacademybahamas.com/aa-news/page/version/rb_wixui.thunderbolt_bootstrap-classic.db545a77.chunk.min.html]
[www.albanyacademybahamas.com/aa-news/page/version/rb_wixui.thunderbolt_bootstrap.7a36fe10.chunk.min.html]
[www.albanyacademybahamas.com/aa-news/page/version/rb_wixui.thunderbolt_bootstrap.8a86afda.chunk.min.html]
[www.albanyacademybahamas.com/aa-news/page/version/rb_wixui.thunderbolt_bootstrap-responsive.f3ca696f.chunk.min.html]
[www.albanyacademybahamas.com/aa-news/page/version/index.html]
[www.albanyacademybahamas.com/aa-news/page/version/rb_wixui.thunderbolt_bootstrap-responsive.e3671379.chunk.min.html]
[www.albanyacademybahamas.com/aa-news/page/99.html]
[www.albanyacademybahamas.com/aa-news/page/99a6a99f.min.html]
[www.albanyacademybahamas.com/aa-news/page/98.html]
[static.wixstatic.com/media/d5e4a0_8102c101fa8842ee97ad7b3e0c1d7edc_mv2.jpg/v1/fill/w_250,h_216,al_c,q_30,blur_30,enc_auto/d5e4a0_8102c101fa8842ee97ad7b3e0c1d7edc_]
[static.wixstatic.com/media/d5e4a0_8102c101fa8842ee97ad7b3e0c1d7edc_mv2.jpg/v1/fill/w_1,h_1,fp_0.50_0.50,q_90,enc_auto/d5e4a0_8102c101fa8842ee97ad7b3e0c1d7edc_mv2]
[static.wixstatic.com/media/d5e4a0_b6ce80681ca14cb2853899157d3dc20d_mv2.jpg/v1/fill/w_219,h_250,al_c,q_30,blur_30,enc_auto/d5e4a0_b6ce80681ca14cb2853899157d3dc20d_]
[static.wixstatic.com/media/d5e4a0_b6ce80681ca14cb2853899157d3dc20d_mv2.jpg/v1/fill/w_1,h_1,fp_0.50_0.50,q_90,enc_auto/d5e4a0_b6ce80681ca14cb2853899157d3dc20d_mv2]
[www.albanyacademybahamas.com/post/heath-kane-places-second-in-the-hjgt-central-florida-summer-junior-open.html]
[static.wixstatic.com/media/d5e4a0_26131073fe0d4208b4fb8c933be0aecb_mv2_d_2/v1/fill/w_250,h_250,al_c,q_30,blur_30,enc_auto/d5e4a0_26131073fe0d4208b4fb8c933be0aecb_]
[static.wixstatic.com/media/d5e4a0_26131073fe0d4208b4fb8c933be0aecb_mv2_d_2/v1/fill/w_1,h_1,fp_0.50_0.50,q_90,enc_auto/d5e4a0_26131073fe0d4208b4fb8c933be0aecb_mv2_]
[www.albanyacademybahamas.com/post/huge-win-for-cameron-johnstone-at-the-faldo-series-scotland-championship.html]
[static.wixstatic.com/media/d5e4a0_280bf77f4f7f43e9a2846fc18307991c_mv2.jpg/v1/fill/w_250,h_250,al_c,q_30,blur_30,enc_auto/d5e4a0_280bf77f4f7f43e9a2846fc18307991c_]
[static.wixstatic.com/media/d5e4a0_280bf77f4f7f43e9a2846fc18307991c_mv2.jpg/v1/fill/w_1,h_1,fp_0.50_0.50,q_90,enc_auto/d5e4a0_280bf77f4f7f43e9a2846fc18307991c_mv2]
[www.albanyacademybahamas.com/post/luke-block-takes-third-in-hjgt-union-county-junior-open.html]
[static.wixstatic.com/media/d5e4a0_b1dc70377705488391eae6bde60cbac1_mv2.jpg/v1/fill/w_1,h_1,fp_0.50_0.50,q_90,enc_auto/d5e4a0_b1dc70377705488391eae6bde60cbac1_mv2]
[static.wixstatic.com/media/d5e4a0_b1dc70377705488391eae6bde60cbac1_mv2.jpg/v1/fill/w_236,h_250,al_c,q_30,blur_30,enc_auto/d5e4a0_b1dc70377705488391eae6bde60cbac1_]
[www.albanyacademybahamas.com/post/sophie-anand-wins-32nd-caribbean-junior-amateur-girls-championship.html]
[static.wixstatic.com/media/d5e4a0_0fc83783a2814ae3ac3d73e88a21f675_mv2.jpg/v1/fill/w_242,h_250,al_c,q_30,blur_30,enc_auto/d5e4a0_0fc83783a2814ae3ac3d73e88a21f675_]
[static.wixstatic.com/media/d5e4a0_0fc83783a2814ae3ac3d73e88a21f675_mv2.jpg/v1/fill/w_1,h_1,fp_0.50_0.50,q_90,enc_auto/d5e4a0_0fc83783a2814ae3ac3d73e88a21f675_mv2]
[www.albanyacademybahamas.com/post/darcey-harry-scores-lowest-round-in-personal-history.html]
[static.wixstatic.com/media/d5e4a0_13477cba7c4042298bf91e8f2dfa0844_mv2.jpg/v1/fill/w_250,h_250,al_c,q_30,blur_30,enc_auto/d5e4a0_13477cba7c4042298bf91e8f2dfa0844_]
[www.albanyacademybahamas.com/post/sophie-anand-joins-the-winner-s-circle-again.html]
[static.wixstatic.com/media/d5e4a0_13477cba7c4042298bf91e8f2dfa0844_mv2.jpg/v1/fill/w_1,h_1,fp_0.50_0.50,q_90,enc_auto/d5e4a0_13477cba7c4042298bf91e8f2dfa0844_mv2]
[static.wixstatic.com/media/d5e4a0_0ecd8470da8e408d8390e3a793ef650f_mv2.jpg/v1/fill/w_250,h_188,al_c,q_30,blur_30,enc_auto/d5e4a0_0ecd8470da8e408d8390e3a793ef650f_]
[static.wixstatic.com/media/d5e4a0_0ecd8470da8e408d8390e3a793ef650f_mv2.jpg/v1/fill/w_1,h_1,fp_0.50_0.50,q_90,enc_auto/d5e4a0_0ecd8470da8e408d8390e3a793ef650f_mv2]
[www.albanyacademybahamas.com/post/albany-academy-represents-the-bahamas-national-team-in-the-dominican-republic.html]
[static.wixstatic.com/media/d5e4a0_db146bcf65d64f73b5a111968295f15e_mv2.jpg/v1/fill/w_250,h_210,al_c,q_30,blur_30,enc_auto/d5e4a0_db146bcf65d64f73b5a111968295f15e_]
[static.wixstatic.com/media/d5e4a0_db146bcf65d64f73b5a111968295f15e_mv2.jpg/v1/fill/w_1,h_1,fp_0.50_0.50,q_90,enc_auto/d5e4a0_db146bcf65d64f73b5a111968295f15e_mv2]
[www.albanyacademybahamas.com/post/alexis-valenzuela-clinches-u-s-junior-championship-qualification.html]
[static.wixstatic.com/media/d5e4a0_de2624f82e654b808620a7c31f40d8d9_mv2_d_1/v1/fill/w_250,h_188,al_c,q_30,blur_30,enc_auto/d5e4a0_de2624f82e654b808620a7c31f40d8d9_]
[static.wixstatic.com/media/d5e4a0_de2624f82e654b808620a7c31f40d8d9_mv2_d_1/v1/fill/w_1,h_1,fp_0.50_0.50,q_90,enc_auto/d5e4a0_de2624f82e654b808620a7c31f40d8d9_mv2_]
[www.albanyacademybahamas.com/post/darcey-harry-represents-wales-in-the-2019-european-young-masters.html]
[www.albanyacademybahamas.com/post/cameron-johnstone-climbs-the-leaderboard.html]
[static.wixstatic.com/media/a27d24_4c91b71e09bd4d3386b766d17b668a72_mv2_d_1/v1/fill/w_1,h_1,fp_0.50_0.50,q_95,enc_auto/a27d24_4c91b71e09bd4d3386b766d17b668a72_mv2_]
[static.wixstatic.com/media/d5e4a0_8df52785885c4b01b3376ad0c8c95393_mv2_d_2/v1/fill/w_1,h_1,fp_0.50_0.50,q_95,enc_auto/d5e4a0_8df52785885c4b01b3376ad0c8c95393_mv2_]
[www.albanyacademybahamas.com/post/darcey-harry-makes-the-gb-i-team-for-the-vagliano-trophy-match.html]
[www.albanyacademybahamas.com/aa-news/page/7a36fe10.chunk.min.html]
[www.albanyacademybahamas.com/aa-news/page/e3671379.chunk.min.html]
[www.albanyacademybahamas.com/aa-news/page/rb_wixui.thunderbolt_bootstrap-classic.db545a77.chunk.min.html]
[www.albanyacademybahamas.com/aa-news/page/rb_wixui.thunderbolt_bootstrap.8a86afda.chunk.min.html]
[www.albanyacademybahamas.com/aa-news/page/rb_wixui.thunderbolt_bootstrap.7a36fe10.chunk.min.html]
[www.albanyacademybahamas.com/aa-news/page/rb_wixui.thunderbolt_bootstrap-responsive.f3ca696f.chunk.min.html]
[www.albanyacademybahamas.com/aa-news/page/rb_wixui.thunderbolt_bootstrap-responsive.e3671379.chunk.min.html]
[www.albanyacademybahamas.com/post/student-athletes-travel-to-compete-at-westchester-country-club.html]
[www.albanyacademybahamas.com/post/luke-block-earns-runner-up-finish.html]
[www.albanyacademybahamas.com/post/luke-block-earns-top-3-finish.html]
[static.wixstatic.com/media/3feb3d_4e6259ba8e034d89b371281b96f3f40f_mv2.jpg/v1/fill/w_147,h_172,al_c,q_80,usm_0.66_1.00_0.01,blur_2/3feb3d_4e6259ba8e034d89b371281b]
[www.albanyacademybahamas.com/post/holly-mclean-commits-to-oklahoma-university.html]
[static.wixstatic.com/media/3feb3d_b1f23cb8f2434b6498eca003c19b3ba4_mv2.jpe/v1/fill/w_147,h_147,al_c,q_80,usm_0.66_1.00_0.01,blur_2/3feb3d_b1f23cb8f2434b6498eca003]
[www.albanyacademybahamas.com/post/walker-faust-scores-a-personal-best.html]
[static.wixstatic.com/media/3feb3d_0127f019508241f997fe7a58c47deea8_mv2.jpg/v1/fill/w_147,h_82,al_c,q_80,usm_0.66_1.00_0.01,blur_2,/3feb3d_0127f019508241f997fe7a58]
[www.albanyacademybahamas.com/post/emily-mayne-finishes-in-2nd-place-at-pga-national-holiday-open.html]
[static.wixstatic.com/media/3feb3d_b15e87f7d5da48a9bc16e6a45363dab8_mv2.jpe/v1/fill/w_147,h_184,al_c,q_80,usm_0.66_1.00_0.01,blur_2/3feb3d_b15e87f7d5da48a9bc16e6a4]
[www.albanyacademybahamas.com/post/walker-faust-finishes-in-2nd-place-at-the-grande-dunes-resort-club.html]
[static.wixstatic.com/media/3feb3d_6c02722d30b5431898c551112d168a35_mv2.jpe/v1/fill/w_115,h_144,al_c,q_80,usm_0.66_1.00_0.01,blur_2/3feb3d_6c02722d30b5431898c55111]
[www.albanyacademybahamas.com/post/anne-fernandez-wins-second-place-in-texas.html]
[static.wixstatic.com/media/3feb3d_daaa26fd575f493a8681c96b907b3a8b_mv2.jpe/v1/fill/w_147,h_196,al_c,q_80,usm_0.66_1.00_0.01,blur_2/3feb3d_daaa26fd575f493a8681c96b]
[www.albanyacademybahamas.com/post/sophie-anand-wins-ajga-tournament-in-debut-start.html]
[static.wixstatic.com/media/3feb3d_e6111b7bacde49e48d70287a25f085e2_mv2.jpg/v1/fill/w_147,h_194,al_c,q_80,usm_0.66_1.00_0.01,blur_2/3feb3d_e6111b7bacde49e48d70287a]
[www.albanyacademybahamas.com/post/grace-crawford-featured-in-thescotsman.html]
[static.wixstatic.com/media/3feb3d_b6282570d92240498d71bce1683fddf8_mv2.jpg/v1/fill/w_147,h_146,al_c,q_80,usm_0.66_1.00_0.01,blur_2/3feb3d_b6282570d92240498d71bce1]
[www.albanyacademybahamas.com/post/alex-rowland-delivers-at-sea-island-junior-open.html]
[static.wixstatic.com/media/d5e4a0_cb2240e43c7d4f598e7028fc3b7cf90b_mv2.jpg/v1/fill/w_115,h_77,al_c,q_80,usm_0.66_1.00_0.01,blur_2,/d5e4a0_cb2240e43c7d4f598e7028fc]
[www.albanyacademybahamas.com/post/fantastic-weekend-results-from-albany-golf-academy.html]
[static.wixstatic.com/media/3feb3d_2e8bdb5dfc5242f383b30012318a9331_mv2.jpe/v1/fill/w_147,h_183,al_c,q_80,usm_0.66_1.00_0.01,blur_2/3feb3d_2e8bdb5dfc5242f383b30012]
[www.albanyacademybahamas.com/post/decodeURIComponent(e.html]
[www.albanyacademybahamas.com/post/robots.html]
[www.albanyacademybahamas.com/post/sitemap.html]
[www.albanyacademybahamas.com/post/feed.html]
[www.albanyacademybahamas.com/post/99a6a99f.min.html]
[www.albanyacademybahamas.com/post/7a36fe10.chunk.min.html]
[www.albanyacademybahamas.com/post/e3671379.chunk.min.html]
[www.albanyacademybahamas.com/post/rb_wixui.thunderbolt_bootstrap-classic.db545a77.chunk.min.html]
[www.albanyacademybahamas.com/post/rb_wixui.thunderbolt_bootstrap.8a86afda.chunk.min.html]
[www.albanyacademybahamas.com/post/rb_wixui.thunderbolt_bootstrap.7a36fe10.chunk.min.html]
[www.albanyacademybahamas.com/post/rb_wixui.thunderbolt_bootstrap-responsive.f3ca696f.chunk.min.html]
[www.albanyacademybahamas.com/post/rb_wixui.thunderbolt_bootstrap-responsive.e3671379.chunk.min.html]
[www.albanyacademybahamas.com/post/jenna-bayles-wins-the-national-women-s-amateur-golf-championship.html]
[www.albanyacademybahamas.com/post/version/decodeURIComponent(e.html]
[www.albanyacademybahamas.com/post/version/robots.html]
[www.albanyacademybahamas.com/post/version/sitemap.186.delayed]
[www.albanyacademybahamas.com/post/version/feed.187.delayed]
[www.albanyacademybahamas.com/post/version.html]
[www.albanyacademybahamas.com/post/version/99a6a99f.min.html]
[www.albanyacademybahamas.com/post/version/7a36fe10.chunk.min.html]
[www.albanyacademybahamas.com/post/version/e3671379.chunk.min.html]
[www.albanyacademybahamas.com/post/version/rb_wixui.thunderbolt_bootstrap-classic.db545a77.chunk.min.html]
[www.albanyacademybahamas.com/post/version/rb_wixui.thunderbolt_bootstrap.8a86afda.chunk.min.html]
[www.albanyacademybahamas.com/post/version/rb_wixui.thunderbolt_bootstrap.7a36fe10.chunk.min.html]
[www.albanyacademybahamas.com/post/version/rb_wixui.thunderbolt_bootstrap-responsive.f3ca696f.chunk.min.html]
[www.albanyacademybahamas.com/post/version/index.html]
[static.parastorage.com/services/communities-blog-ooi/1.539.0/client/gallery-viewer.chunk.min.css]
[www.albanyacademybahamas.com/post/sophie-anand-wins-the-first-north-american-faldo-series-grand-final.html]
[www.albanyacademybahamas.com/post/emily-mayne-scores-a-personal-record.html]
[static.wixstatic.com/media/699095_d23d858485ad4071b3d1539448c7c046_mv2.jpg/v1/fill/w_147,h_129,al_c,q_80,usm_0.66_1.00_0.01,blur_2/699095_d23d858485ad4071b3d15394]
[static.wixstatic.com/media/699095_50e9453d74584db1a426e22b59822db7_mv2.jpg/v1/fill/w_138,h_128,al_c,q_80,usm_0.66_1.00_0.01,blur_2/699095_50e9453d74584db1a426e22b]
[www.albanyacademybahamas.com/post/albany-golf-academy-holds-53-wins-in-54-tournaments.html]
[static.wixstatic.com/media/699095_508140afa86d47329c4ad6ef0db86b4c_mv2.jpg/v1/fill/w_147,h_65,al_c,q_80,usm_0.66_1.00_0.01,blur_2,/699095_508140afa86d47329c4ad6ef]
[www.albanyacademybahamas.com/post/albany-academy-students-continue-to-claim-the-leaderboard.html]
[www.albanyacademybahamas.com/post/emily-mayne-wins-the-jga-national-senior-trials.html]
[static.wixstatic.com/media/699095_bccf7f104c3c401e968ba2a31920928e_mv2.jpg/v1/fill/w_147,h_69,al_c,q_80,usm_0.66_1.00_0.01,blur_2,/699095_bccf7f104c3c401e968ba2a3]
[static.wixstatic.com/media/699095_219ef84b0d3649838aca5a30c7fc0e2a_mv2.jpg/v1/fill/w_115,h_130,al_c,q_80,usm_0.66_1.00_0.01,blur_2/699095_219ef84b0d3649838aca5a30]
[www.albanyacademybahamas.com/post/holly-mclean-leaves-her-mark-in-california.html]
[static.wixstatic.com/media/699095_c556f36c794640d39e62df9c8a5db315_mv2.jpe/v1/fill/w_155,h_155,al_c,q_80,usm_0.66_1.00_0.01,blur_2/699095_c556f36c794640d39e62df9c]
[www.albanyacademybahamas.com/post/sophie-anand-competed-in-the-prestigious-english-girls-amateur-championship.html]
[static.wixstatic.com/media/699095_e6f1e2738291497385f683d07822bc28_mv2.jpg/v1/fill/w_113,h_60,al_c,q_80,usm_0.66_1.00_0.01,blur_2,/699095_e6f1e2738291497385f683d0]
[www.albanyacademybahamas.com/post/academy-student-athletes-take-home-first-and-second-place-at-the-u-s-kids-golf-tournament.html]
[static.wixstatic.com/media/699095_aa112a3331534dd994bc9a235c486930_mv2.jpg/v1/fill/w_94,h_83,al_c,q_80,usm_0.66_1.00_0.01,blur_2,e/699095_aa112a3331534dd994bc9a23]
[www.albanyacademybahamas.com/post/a-solid-finish-for-emily-mayne-in-the-img-academy-junior-world-championships.html]
[static.wixstatic.com/media/699095_6e6273eaa1cf4af9870ec20a9fcac07b_mv2.jpg/v1/fill/w_93,h_93,al_c,q_80,usm_0.66_1.00_0.01,blur_2,e/699095_6e6273eaa1cf4af9870ec20a]
[www.albanyacademybahamas.com/post/stronger-together-luke-block-ties-for-first-with-help-of-anne-fernandez.html]
[static.wixstatic.com/media/699095_f93dd422befd4108a8783526b6c64fb6_mv2.jpg/v1/fill/w_68,h_90,al_c,q_80,usm_0.66_1.00_0.01,blur_2,e/699095_f93dd422befd4108a8783526]
[www.albanyacademybahamas.com/post/zion-taylor-wins-the-u-s-kids-tournament.html]
[static.wixstatic.com/media/699095_cb5d0c2b609d48bb995e0ae061e53715_mv2.jpe/v1/fill/w_147,h_147,al_c,q_80,usm_0.66_1.00_0.01,blur_2/699095_cb5d0c2b609d48bb995e0ae0]
[www.albanyacademybahamas.com/post/margaret-fernandez-wins-the-bahamas-pro-golf-tour-amateur-division.html]
[www.albanyacademybahamas.com/post/the-captain-delivers-in-georgia.html]
[static.wixstatic.com/media/699095_1186c6bc83334e489b178efe2c84ebe6_mv2.jpg/v1/fill/w_99,h_118,al_c,q_80,usm_0.66_1.00_0.01,blur_2,/699095_1186c6bc83334e489b178efe]
[www.albanyacademybahamas.com/post/luke-block-finishes-strong-at-kiawah-island.html]
[static.wixstatic.com/media/699095_8044aed803d04bdcbb7b39ef9399fe4b_mv2.jpg/v1/fill/w_147,h_182,al_c,q_80,usm_0.66_1.00_0.01,blur_2/699095_8044aed803d04bdcbb7b39ef]
[static.wixstatic.com/media/699095_14a80e961020428da3fc87a328e16e33_mv2.jpe/v1/fill/w_147,h_173,al_c,q_80,usm_0.66_1.00_0.01,blur_2/699095_14a80e961020428da3fc87a3]
[www.albanyacademybahamas.com/post/heath-kane-joins-the-winner-s-circle.html]
[static.wixstatic.com/media/699095_7b192eb3bd89457186b7be9594376abd_mv2.jpg/v1/fill/w_147,h_172,al_c,q_80,usm_0.66_1.00_0.01,blur_2/699095_7b192eb3bd89457186b7be95]
[www.albanyacademybahamas.com/post/first-place-win-for-alexander-rowland.html]
[www.albanyacademybahamas.com/post/a-triumphant-win-for-sophie-anand.html]
[static.wixstatic.com/media/699095_1fc79f07a4b441d2b360fe33727b89bb_mv2.jpe/v1/fill/w_147,h_196,al_c,q_80,usm_0.66_1.00_0.01,blur_2/699095_1fc79f07a4b441d2b360fe33]
[www.albanyacademybahamas.com/post/personal-best-for-olly-white.html]
[static.wixstatic.com/media/a27d24_e98628c861ee452f861929414a850b68_mv2.jpg/v1/fill/w_147,h_156,al_c,q_80,usm_0.66_1.00_0.01,blur_2/a27d24_e98628c861ee452f86192941]
[static.wixstatic.com/media/699095_37db33bbb22941d4a41175419ffd5769_mv2.jpg/v1/fill/w_147,h_141,al_c,q_80,usm_0.66_1.00_0.01,blur_2/699095_37db33bbb22941d4a4117541]
[www.albanyacademybahamas.com/post/aidan-o-hagan-finishes-strong-at-the-hjgt-fall-junior-open.html]
[static.wixstatic.com/media/699095_64fac33f7d7746e2b803466b7b67a92e_mv2.jpe/v1/fill/w_147,h_184,al_c,q_80,usm_0.66_1.00_0.01,blur_2/699095_64fac33f7d7746e2b803466b]
[www.albanyacademybahamas.com/post/an-amazing-second-place-win-for-sophie-anand.html]
[static.wixstatic.com/media/699095_5142851dc245429981f9fb4cb5a667ff_mv2.jpe/v1/fill/w_147,h_196,al_c,q_80,usm_0.66_1.00_0.01,blur_2/699095_5142851dc245429981f9fb4c]
[www.albanyacademybahamas.com/post/holly-mclean-takes-third-in-hjgt-orlando-academy-cup.html]
[static.wixstatic.com/media/699095_61eece9c61694f148cefff725aaee709_mv2.jpe/v1/fill/w_147,h_196,al_c,q_80,usm_0.66_1.00_0.01,blur_2/699095_61eece9c61694f148cefff72]
[www.albanyacademybahamas.com/post/an-exciting-start-to-captain-harry-s-career.html]
[static.wixstatic.com/media/699095_68110287361242f9a2578acf66c25497_mv2.jpe/v1/fill/w_147,h_196,al_c,q_80,usm_0.66_1.00_0.01,blur_2/699095_68110287361242f9a2578acf]
[www.albanyacademybahamas.com/post/aidan-o-hagan-joins-the-university-of-washington.html]
[static.wixstatic.com/media/699095_279ab081a20344d69048d1f3cad3e14b_mv2.jpg/v1/fill/w_145,h_89,al_c,q_80,usm_0.66_1.00_0.01,blur_2,/699095_279ab081a20344d69048d1f3]
[www.albanyacademybahamas.com/post/sophie-anand-commits-to-become-an-auburn-tiger.html]
[static.wixstatic.com/media/699095_7054e78550ec4fa698dc2a2ac0b1a1ae_mv2.jpg/v1/fill/w_133,h_133,al_c,q_80,usm_0.66_1.00_0.01,blur_2/699095_7054e78550ec4fa698dc2a2a]
[www.albanyacademybahamas.com/post/version/rb_wixui.thunderbolt_bootstrap-responsive.e3671379.chunk.min.html]
[static.wixstatic.com/media/699095_595797e521994a019a25c8dec0483548_mv2_d_2/v1/fill/w_250,h_250,al_c,q_30,blur_30,enc_auto/699095_595797e521994a019a25c8dec0483548_]
[static.wixstatic.com/media/699095_595797e521994a019a25c8dec0483548_mv2_d_2/v1/fill/w_1,h_1,fp_0.50_0.50,q_90,enc_auto/699095_595797e521994a019a25c8dec0483548_mv2_]
[static.wixstatic.com/media/699095_df024fa1b8bd495d8044934e078a0c93_mv2_d_2/v1/fill/w_250,h_149,al_c,q_30,blur_30,enc_auto/699095_df024fa1b8bd495d8044934e078a0c93_]
[static.wixstatic.com/media/699095_df024fa1b8bd495d8044934e078a0c93_mv2_d_2/v1/fill/w_1,h_1,fp_0.50_0.50,q_90,enc_auto/699095_df024fa1b8bd495d8044934e078a0c93_mv2_]
[www.albanyacademybahamas.com/post/outstanding-performances-in-jakarta-indonesia.html]
[static.wixstatic.com/media/699095_2bd57eaec6774a0b983ba4c6aea1674b_mv2_d_2/v1/fill/w_250,h_202,al_c,q_30,blur_30,enc_auto/699095_2bd57eaec6774a0b983ba4c6aea1674b_]
[static.wixstatic.com/media/699095_2bd57eaec6774a0b983ba4c6aea1674b_mv2_d_2/v1/fill/w_1,h_1,fp_0.50_0.50,q_90,enc_auto/699095_2bd57eaec6774a0b983ba4c6aea1674b_mv2_]
[www.albanyacademybahamas.com/post/remarkable-tournament-weekend-for-albany-academy.html]
[static.wixstatic.com/media/699095_c17ade1504084236b976ff868bdd2aef_mv2_d_2/v1/fill/w_250,h_239,al_c,q_30,blur_30,enc_auto/699095_c17ade1504084236b976ff868bdd2aef_]
[www.albanyacademybahamas.com/post/a-skillful-third-place-win-for-sophie-anand.html]
[static.wixstatic.com/media/699095_c17ade1504084236b976ff868bdd2aef_mv2_d_2/v1/fill/w_1,h_1,fp_0.50_0.50,q_90,enc_auto/699095_c17ade1504084236b976ff868bdd2aef_mv2_]
[www.albanyacademybahamas.com/post/anne-fernandez-titled-champion-in-the-orlando-fall-junior-open.html]
[static.wixstatic.com/media/699095_60d1cc527f484e6f8dd64fe613bc7176_mv2.png/v1/fill/w_1,h_1,fp_0.50_0.50,q_95,enc_auto/699095_60d1cc527f484e6f8dd64fe613bc7176_mv2]
[static.wixstatic.com/media/699095_ab0d9b91bdae4f8c98bfa4dde3a80a01_mv2.jpe/v1/fill/w_1,h_2,fp_0.50_0.50,q_90,enc_auto/699095_ab0d9b91bdae4f8c98bfa4dde3a80a01_mv2]
[static.wixstatic.com/media/699095_ab0d9b91bdae4f8c98bfa4dde3a80a01_mv2.jpe/v1/fill/w_121,h_250,al_c,q_30,blur_30,enc_auto/699095_ab0d9b91bdae4f8c98bfa4dde3a80a01_]
[www.albanyacademybahamas.com/post/a-first-place-victory-for-zion-taylor-at-the-bpgt.html]
[static.wixstatic.com/media/699095_52c709e6182844aa8de8277edc26de0a_mv2.jpe/v1/fill/w_250,h_250,al_c,q_30,blur_30,enc_auto/699095_52c709e6182844aa8de8277edc26de0a_]
[static.wixstatic.com/media/699095_52c709e6182844aa8de8277edc26de0a_mv2.jpe/v1/fill/w_1,h_1,fp_0.50_0.50,q_90,enc_auto/699095_52c709e6182844aa8de8277edc26de0a_mv2]
[www.albanyacademybahamas.com/post/heath-kane-wins-the-2019-bahamas-first-junior-golf-championship.html]
[static.wixstatic.com/media/699095_0f2f61a0f9b94e168cd52c2239fb7f37_mv2.jpe/v1/fill/w_250,h_250,al_c,q_30,blur_30,enc_auto/699095_0f2f61a0f9b94e168cd52c2239fb7f37_]
[static.wixstatic.com/media/699095_0f2f61a0f9b94e168cd52c2239fb7f37_mv2.jpe/v1/fill/w_1,h_1,fp_0.50_0.50,q_90,enc_auto/699095_0f2f61a0f9b94e168cd52c2239fb7f37_mv2]
[static.wixstatic.com/media/699095_d0349ad9fdd44feb88b6e82fec0cf0af_mv2.jpe/v1/fill/w_204,h_250,al_c,q_30,blur_30,enc_auto/699095_d0349ad9fdd44feb88b6e82fec0cf0af_]
[www.albanyacademybahamas.com/post/an-honorable-win-for-cameron-johnstone.html]
[static.wixstatic.com/media/699095_d0349ad9fdd44feb88b6e82fec0cf0af_mv2.jpe/v1/fill/w_1,h_1,fp_0.50_0.50,q_90,enc_auto/699095_d0349ad9fdd44feb88b6e82fec0cf0af_mv2]
[www.albanyacademybahamas.com/post/great-form-lands-jenna-bayles-second-place.html]
[static.wixstatic.com/media/699095_4cd7c0a6e8de4a25b4e5b582ac7ebfc6_mv2_d_1/v1/fill/w_188,h_250,al_c,q_30,blur_30,enc_auto/699095_4cd7c0a6e8de4a25b4e5b582ac7ebfc6_]
[www.albanyacademybahamas.com/post/newcomer-zion-making-headway-on-the-course.html]
[static.wixstatic.com/media/699095_4cd7c0a6e8de4a25b4e5b582ac7ebfc6_mv2_d_1/v1/fill/w_1,h_1,fp_0.50_0.50,q_90,enc_auto/699095_4cd7c0a6e8de4a25b4e5b582ac7ebfc6_mv2_]
[static.wixstatic.com/media/699095_266a605a7f5c4b9389cd858dd4073ef5_mv2.jpg/v1/fill/w_250,h_250,al_c,q_30,blur_30,enc_auto/699095_266a605a7f5c4b9389cd858dd4073ef5_]
[www.albanyacademybahamas.com/post/sydney-clarke-s-fierce-four-weeks-at-the-international-tennis-federation-s-u18-grade-5-tournaments.html]
[static.wixstatic.com/media/699095_266a605a7f5c4b9389cd858dd4073ef5_mv2.jpg/v1/fill/w_1,h_1,fp_0.50_0.50,q_90,enc_auto/699095_266a605a7f5c4b9389cd858dd4073ef5_mv2]
[static.wixstatic.com/media/699095_5a57994329e74b63a0954dcf62faad14_mv2.jpg/v1/fill/w_250,h_162,al_c,q_30,blur_30,enc_auto/699095_5a57994329e74b63a0954dcf62faad14_]
[static.wixstatic.com/media/699095_5a57994329e74b63a0954dcf62faad14_mv2.jpg/v1/fill/w_1,h_1,fp_0.50_0.50,q_90,enc_auto/699095_5a57994329e74b63a0954dcf62faad14_mv2]
[www.albanyacademybahamas.com/aa-news/page/6.html]
[www.albanyacademybahamas.com/post/another-championship-title-for-sophie-anand.html]
[static.wixstatic.com/media/699095_8606f6f12386456f98f57062497e5564_mv2.jpg/v1/fill/w_138,h_160,al_c,q_80,usm_0.66_1.00_0.01,blur_2/699095_8606f6f12386456f98f57062]
[www.albanyacademybahamas.com/post/second-place-win-for-luke-block.html]
[static.wixstatic.com/media/699095_2c9c772a8acd46048f88cb96f0df6829_mv2.jpg/v1/fill/w_116,h_235,al_c,q_80,usm_0.66_1.00_0.01,blur_2/699095_2c9c772a8acd46048f88cb96]
[www.albanyacademybahamas.com/post/jenna-bayles-joins-lynn-university.html]
[static.wixstatic.com/media/699095_096e309905ff4a9ea5e5307ab38b0d97_mv2.jpg/v1/fill/w_136,h_136,al_c,q_80,usm_0.66_1.00_0.01,blur_2/699095_096e309905ff4a9ea5e5307a]
[www.albanyacademybahamas.com/post/cameron-johnstone-signs-with-the-college-of-charleston.html]
[static.wixstatic.com/media/699095_e257b50bbb4f447bb4041928aed3e98b_mv2.jpg/v1/fill/w_142,h_142,al_c,q_80,usm_0.66_1.00_0.01,blur_2/699095_e257b50bbb4f447bb4041928]
[www.albanyacademybahamas.com/post/alexis-valenzuela-becomes-an-smu-mustang.html]
[static.wixstatic.com/media/699095_f33851388c1f46109f1c7b48cb8111a6_mv2.jpg/v1/fill/w_141,h_141,al_c,q_80,usm_0.66_1.00_0.01,blur_2/699095_f33851388c1f46109f1c7b48]
[www.albanyacademybahamas.com/post/amazing-wins-at-the-national-bgf-junior-championship.html]
[static.wixstatic.com/media/699095_1db940f191e14b688eec290de366ba44_mv2.jpg/v1/fill/w_138,h_162,al_c,q_80,usm_0.66_1.00_0.01,blur_2/699095_1db940f191e14b688eec290d]
[www.albanyacademybahamas.com/post/an-outstanding-weekend-at-hjgt-s-54-hole-open-at-king-and-prince.html]
[static.wixstatic.com/media/699095_9d6bc01692274833a5a0cce920d5981d_mv2.jpg/v1/fill/w_147,h_74,al_c,q_80,usm_0.66_1.00_0.01,blur_2,/699095_9d6bc01692274833a5a0cce9]
[www.albanyacademybahamas.com/post/holly-mclean-wins-the-28th-cayman-islands-amateur-championship.html]
[static.wixstatic.com/media/699095_f459cfc7491c4c228f294b2add873de5_mv2.jpe/v1/fill/w_147,h_173,al_c,q_80,usm_0.66_1.00_0.01,blur_2/699095_f459cfc7491c4c228f294b2a]
[www.albanyacademybahamas.com/post/heath-kane-claims-victory-at-the-pinehurst-junior-open.html]
[static.wixstatic.com/media/699095_92aa848f504e436da53311bb3ba11815_mv2.jpe/v1/fill/w_115,h_115,al_c,q_80,usm_0.66_1.00_0.01,blur_2/699095_92aa848f504e436da53311bb]
[www.albanyacademybahamas.com/post/albany-academy-leaves-their-mark-at-the-hjgt-south-florida-fall-junior-open.html]
[static.wixstatic.com/media/699095_6fe520e57e8d4d458c205c5fde80e013_mv2.jpg/v1/fill/w_147,h_135,al_c,q_80,usm_0.66_1.00_0.01,blur_2/699095_6fe520e57e8d4d458c205c5f]
[www.albanyacademybahamas.com/post/a-winning-streak-kept-alive-at-the-hjgt-saddlebrook-junior-open.html]
[static.wixstatic.com/media/699095_d648a50dc5ac435794818cacae2e6b6f_mv2.jpg/v1/fill/w_147,h_110,al_c,q_80,usm_0.66_1.00_0.01,blur_2/699095_d648a50dc5ac435794818cac]
[www.albanyacademybahamas.com/post/heath-kane-s-phenomenal-win-at-the-bahamas-professional-tour.html]
[static.wixstatic.com/media/699095_817fe031f6074fbb8831b087c661e9ad_mv2.jpg/v1/fill/w_135,h_104,al_c,q_80,usm_0.66_1.00_0.01,blur_2/699095_817fe031f6074fbb8831b087]
[www.albanyacademybahamas.com/aa-news/page/7.html]
[www.albanyacademybahamas.com/post/second-place-win-for-alexis-valenzuela.html]
[static.wixstatic.com/media/d5e4a0_223c38ce7888429fad43c616a76da2cc_mv2.png/v1/fill/w_1,h_1,fp_0.50_0.50,q_95,enc_auto/d5e4a0_223c38ce7888429fad43c616a76da2cc_mv2]
[www.albanyacademybahamas.com/post/a-strong-finish-in-the-english-women-s-amateur-championship-for-darcey-harry.html]
[www.albanyacademybahamas.com/post/albany-academy-s-aidan-o-hagan-chosen-to-represent-scotland.html]
[static.wixstatic.com/media/d5e4a0_8563f02b78994f9c95afde41966aad91_mv2.png/v1/fill/w_1,h_1,fp_0.50_0.50,q_95,enc_auto/d5e4a0_8563f02b78994f9c95afde41966aad91_mv2]
[static.wixstatic.com/media/d5e4a0_47d5e247bfaf467da5aadd1cf336e931_mv2_d_1/v1/fill/w_1,h_1,fp_0.50_0.50,q_95,enc_auto/d5e4a0_47d5e247bfaf467da5aadd1cf336e931_mv2_]
[www.albanyacademybahamas.com/post/albany-golf-academy-coaches-featured-on-the-golf-channel.html]
[www.albanyacademybahamas.com/post/aidan-o-hagan-climbs-to-the-top-five-in-european-world-rankings.html]
[static.wixstatic.com/media/d5e4a0_8a81a9bb4f45458fa1754ee839a481e5_mv2_d_4/v1/fill/w_250,h_188,al_c,q_30,blur_30,enc_auto/d5e4a0_8a81a9bb4f45458fa1754ee839a481e5_]
[static.wixstatic.com/media/d5e4a0_8a81a9bb4f45458fa1754ee839a481e5_mv2_d_4/v1/fill/w_1,h_1,fp_0.50_0.50,q_90,enc_auto/d5e4a0_8a81a9bb4f45458fa1754ee839a481e5_mv2_]
[www.albanyacademybahamas.com/post/2019-usta-invitational-at-albany-the-bahamas.html]
[static.wixstatic.com/media/d5e4a0_fab02e1227c94474ad8a550e8840df43_mv2_d_1/v1/fill/w_1,h_1,fp_0.50_0.50,q_95,enc_auto/d5e4a0_fab02e1227c94474ad8a550e8840df43_mv2_]
[www.albanyacademybahamas.com/post/darcey-harry-claims-a-top-10-finish-in-the-2019-orange-bowl.html]
[static.wixstatic.com/media/d5e4a0_2d80b22a5c974f13b673b29de25a6156_mv2_d_4/v1/fill/w_250,h_188,al_c,q_30,blur_30,enc_auto/d5e4a0_2d80b22a5c974f13b673b29de25a6156_]
[static.wixstatic.com/media/d5e4a0_2d80b22a5c974f13b673b29de25a6156_mv2_d_4/v1/fill/w_1,h_1,fp_0.50_0.50,q_90,enc_auto/d5e4a0_2d80b22a5c974f13b673b29de25a6156_mv2_]
[www.albanyacademybahamas.com/post/shaye-longwell-wins-big-in-orlando.html]
[static.wixstatic.com/media/d5e4a0_7e55a670f1794ce393c8e4e9e3c42017_mv2_d_3/v1/fill/w_1,h_1,fp_0.50_0.50,q_95,enc_auto/d5e4a0_7e55a670f1794ce393c8e4e9e3c42017_mv2_]
[www.albanyacademybahamas.com/post/will-mcgriff-verbally-commits-to-be-a-gator.html]
[static.wixstatic.com/media/d5e4a0_061884c9449e4d769ee94ed39af4b61c_mv2_d_1/v1/fill/w_250,h_250,al_c,q_30,blur_30,enc_auto/d5e4a0_061884c9449e4d769ee94ed39af4b61c_]
[static.wixstatic.com/media/d5e4a0_061884c9449e4d769ee94ed39af4b61c_mv2_d_1/v1/fill/w_1,h_1,fp_0.50_0.50,q_90,enc_auto/d5e4a0_061884c9449e4d769ee94ed39af4b61c_mv2_]
[www.albanyacademybahamas.com/post/albany-academy-conquers-the-black-bear-junior-open.html]
[static.wixstatic.com/media/d5e4a0_0b1115c89ac849c89330dbbc6b01be97_mv2_d_1/v1/fill/w_1,h_1,fp_0.50_0.50,q_95,enc_auto/d5e4a0_0b1115c89ac849c89330dbbc6b01be97_mv2_]
[www.albanyacademybahamas.com/post/albany-golf-academy-defeats-the-competition.html]
[static.wixstatic.com/media/d5e4a0_e036e6eb59e145d8bd08f28b26c1cf96_mv2.jpg/v1/fill/w_233,h_250,al_c,q_30,blur_30,enc_auto/d5e4a0_e036e6eb59e145d8bd08f28b26c1cf96_]
[static.wixstatic.com/media/d5e4a0_e036e6eb59e145d8bd08f28b26c1cf96_mv2.jpg/v1/fill/w_1,h_1,fp_0.50_0.50,q_90,enc_auto/d5e4a0_e036e6eb59e145d8bd08f28b26c1cf96_mv2]
[www.albanyacademybahamas.com/post/sydney-clark-dominates-the-international-tennis-federation.html]
[static.wixstatic.com/media/d5e4a0_33b8aa20835b4549b3b08bcb0cd99f1b_mv2.png/v1/fill/w_1,h_1,fp_0.50_0.50,q_95,enc_auto/d5e4a0_33b8aa20835b4549b3b08bcb0cd99f1b_mv2]
[www.albanyacademybahamas.com/post/albany-golf-academy-taking-a-look-from-the-other-side.html]
[static.wixstatic.com/media/d5e4a0_e840e16636374678b74d7be02d16e4ed_mv2_d_4/v1/fill/w_1,h_1,fp_0.50_0.50,q_95,enc_auto/d5e4a0_e840e16636374678b74d7be02d16e4ed_mv2_]
[www.albanyacademybahamas.com/aa-news/page/9.html]
[www.albanyacademybahamas.com/post/jacobi-bain-closes-an-exciting-2018-tennis-season.html]
[www.albanyacademybahamas.com/post/sydney-clarke-wins-in-singles-and-doubles-in-tobago-s-u18-itf-junior-tournament.html]
[static.wixstatic.com/media/d5e4a0_4575c5525bd4423ea8e67e3b18853c25_mv2.jpg/v1/fill/w_147,h_147,al_c,q_80,usm_0.66_1.00_0.01,blur_2/d5e4a0_4575c5525bd4423ea8e67e3b]
[www.albanyacademybahamas.com/post/albany-golf-academy-takes-home-top-three-at-mission-inn.html]
[static.wixstatic.com/media/d5e4a0_953ec835e3e14a31b6af9acccd16be0c_mv2.png/v1/fill/w_1,h_1,fp_0.50_0.50,q_95,enc_auto/d5e4a0_953ec835e3e14a31b6af9acccd16be0c_mv2]
[static.wixstatic.com/media/d5e4a0_898e14a9417f438bb395f66b4803d099_mv2.jpg/v1/fill/w_250,h_167,al_c,q_30,blur_30,enc_auto/d5e4a0_898e14a9417f438bb395f66b4803d099_]
[www.albanyacademybahamas.com/post/albany-academy-attends-20-tournaments-holds-20-champions.html]
[static.wixstatic.com/media/d5e4a0_898e14a9417f438bb395f66b4803d099_mv2.jpg/v1/fill/w_1,h_1,fp_0.50_0.50,q_90,enc_auto/d5e4a0_898e14a9417f438bb395f66b4803d099_mv2]
[www.albanyacademybahamas.com/post/darcey-harry-climbs-to-the-top-in-current-rankings.html]
[static.wixstatic.com/media/d5e4a0_9187b41417b1408e94234096e49c62bb_mv2_d_1/v1/fill/w_250,h_250,al_c,q_30,blur_30,enc_auto/d5e4a0_9187b41417b1408e94234096e49c62bb_]
[static.wixstatic.com/media/d5e4a0_9187b41417b1408e94234096e49c62bb_mv2_d_1/v1/fill/w_1,h_1,fp_0.50_0.50,q_90,enc_auto/d5e4a0_9187b41417b1408e94234096e49c62bb_mv2_]
[static.wixstatic.com/media/d5e4a0_03bd5127c08e4226a106466f3cb43ecf_mv2_d_1/v1/fill/w_250,h_250,al_c,q_30,blur_30,enc_auto/d5e4a0_03bd5127c08e4226a106466f3cb43ecf_]
[static.wixstatic.com/media/d5e4a0_03bd5127c08e4226a106466f3cb43ecf_mv2_d_1/v1/fill/w_1,h_1,fp_0.50_0.50,q_90,enc_auto/d5e4a0_03bd5127c08e4226a106466f3cb43ecf_mv2_]
[www.albanyacademybahamas.com/post/albany-academy-plays-impressive-golf-at-the-pga-national-junior-open.html]
[www.albanyacademybahamas.com/post/darcey-harry-leaves-her-mark-in-europe.html]
[static.wixstatic.com/media/d5e4a0_3725e675da374bbc91e9bf14ec41e0f1_mv2_d_1/v1/fill/w_250,h_250,al_c,q_30,blur_30,enc_auto/d5e4a0_3725e675da374bbc91e9bf14ec41e0f1_]
[static.wixstatic.com/media/d5e4a0_3725e675da374bbc91e9bf14ec41e0f1_mv2_d_1/v1/fill/w_1,h_1,fp_0.50_0.50,q_90,enc_auto/d5e4a0_3725e675da374bbc91e9bf14ec41e0f1_mv2_]
[www.albanyacademybahamas.com/post/sophie-anand-wins-the-albany-club-championship.html]
[static.wixstatic.com/media/d5e4a0_9f840881a51240da887ba47b3ee23fa8_mv2.png/v1/fill/w_1,h_1,fp_0.50_0.50,q_95,enc_auto/d5e4a0_9f840881a51240da887ba47b3ee23fa8_mv2]
[static.wixstatic.com/media/d5e4a0_fa5d89537f054762808a213714dbea80_mv2.png/v1/fill/w_1,h_1,fp_0.50_0.50,q_95,enc_auto/d5e4a0_fa5d89537f054762808a213714dbea80_mv2]
[www.albanyacademybahamas.com/post/aidan-places-first-in-scotland.html]
[static.wixstatic.com/media/d5e4a0_cbb601705ed54b2ba7728d7f17a7868a_mv2.jpg/v1/fill/w_228,h_250,al_c,q_30,blur_30,enc_auto/d5e4a0_cbb601705ed54b2ba7728d7f17a7868a_]
[www.albanyacademybahamas.com/post/luke-block-titled-the-champion-in-south-carolina.html]
[static.wixstatic.com/media/d5e4a0_cbb601705ed54b2ba7728d7f17a7868a_mv2.jpg/v1/fill/w_1,h_1,fp_0.50_0.50,q_90,enc_auto/d5e4a0_cbb601705ed54b2ba7728d7f17a7868a_mv2]
[www.albanyacademybahamas.com/post/18-champions-in-18-events.html]
[static.wixstatic.com/media/d5e4a0_1f0b3aa7b3e64176b82e236bfd9c1b5c_mv2_d_1/v1/fill/w_250,h_250,al_c,q_30,blur_30,enc_auto/d5e4a0_1f0b3aa7b3e64176b82e236bfd9c1b5c_]
[static.wixstatic.com/media/d5e4a0_1f0b3aa7b3e64176b82e236bfd9c1b5c_mv2_d_1/v1/fill/w_1,h_1,fp_0.50_0.50,q_90,enc_auto/d5e4a0_1f0b3aa7b3e64176b82e236bfd9c1b5c_mv2_]
[www.albanyacademybahamas.com/post/a-successful-weekend-at-the-orlando-junior-open.html]
[static.wixstatic.com/media/d5e4a0_1f0edb1ac9314c1b8c841486874a101b_mv2_d_1/v1/fill/w_250,h_250,al_c,q_30,blur_30,enc_auto/d5e4a0_1f0edb1ac9314c1b8c841486874a101b_]
[static.wixstatic.com/media/d5e4a0_1f0edb1ac9314c1b8c841486874a101b_mv2_d_1/v1/fill/w_1,h_1,fp_0.50_0.50,q_90,enc_auto/d5e4a0_1f0edb1ac9314c1b8c841486874a101b_mv2_]
[static.wixstatic.com/media/d5e4a0_ce483bd6e4d44162a5aaa05e0a77b693_mv2.png/v1/fill/w_1,h_2,fp_0.50_0.50,q_95,enc_auto/d5e4a0_ce483bd6e4d44162a5aaa05e0a77b693_mv2]
[www.albanyacademybahamas.com/post/oliver-white-s-first-tournament-in-america.html]
[static.wixstatic.com/media/d5e4a0_fc5e660e951449fdb2ff6d958ffc6f44_mv2_d_2/v1/fill/w_1,h_1,fp_0.50_0.50,q_95,enc_auto/d5e4a0_fc5e660e951449fdb2ff6d958ffc6f44_mv2_]
[www.albanyacademybahamas.com/post/alexis-valenzuela-finishes-strong-in-tampa-florida.html]
[www.albanyacademybahamas.com/aa-news/page/8.html]
[www.albanyacademybahamas.com/aa-news/page/version/decodeURIComponent(e.html]
[www.albanyacademybahamas.com/aa-news/page/version/robots.html]
[www.albanyacademybahamas.com/aa-news/page/version/sitemap.html]
[www.albanyacademybahamas.com/aa-news/page/version/feed.html]
[www.albanyacademybahamas.com/post/albany-golf-academy-dominates-in-home-country.html]
[www.albanyacademybahamas.com/aa-news/page/version/version/decodeURIComponent(e.html]
[www.albanyacademybahamas.com/aa-news/page/version/version/robots.html]
[www.albanyacademybahamas.com/aa-news/page/version/version/sitemap.216.delayed]
[www.albanyacademybahamas.com/aa-news/page/version/version/feed.217.delayed]
[www.albanyacademybahamas.com/aa-news/page/version/version.html]
[www.albanyacademybahamas.com/aa-news/page/version/version/version/index.html]
[www.albanyacademybahamas.com/aa-news/page/version/version/99a6a99f.min.html]
[www.albanyacademybahamas.com/aa-news/page/version/version/7a36fe10.chunk.min.html]
[www.albanyacademybahamas.com/aa-news/page/version/version/e3671379.chunk.min.html]
[www.albanyacademybahamas.com/aa-news/page/version/version/rb_wixui.thunderbolt_bootstrap-classic.db545a77.chunk.min.html]
[www.albanyacademybahamas.com/aa-news/page/version/version/rb_wixui.thunderbolt_bootstrap.8a86afda.chunk.min.html]
[www.albanyacademybahamas.com/aa-news/page/version/version/rb_wixui.thunderbolt_bootstrap.7a36fe10.chunk.min.html]
[www.albanyacademybahamas.com/aa-news/page/version/version/rb_wixui.thunderbolt_bootstrap-responsive.f3ca696f.chunk.min.html]
[www.albanyacademybahamas.com/aa-news/page/version/version/index.html]
[www.albanyacademybahamas.com/aa-news/page/version/99a6a99f.min.html]
[www.albanyacademybahamas.com/aa-news/page/version/7a36fe10.chunk.min.html]
[www.albanyacademybahamas.com/aa-news/page/version/e3671379.chunk.min.html]
[www.albanyacademybahamas.com/aa-news/page/version/rb_wixui.thunderbolt_bootstrap-classic.db545a77.chunk.min.html]
[www.albanyacademybahamas.com/aa-news/page/version/rb_wixui.thunderbolt_bootstrap.8a86afda.chunk.min.html]
[www.albanyacademybahamas.com/aa-news/page/version/rb_wixui.thunderbolt_bootstrap.7a36fe10.chunk.min.html]
[www.albanyacademybahamas.com/aa-news/page/version/rb_wixui.thunderbolt_bootstrap-responsive.f3ca696f.chunk.min.html]
[www.albanyacademybahamas.com/aa-news/page/version/rb_wixui.thunderbolt_bootstrap-responsive.e3671379.chunk.min.html]
[www.albanyacademybahamas.com/aa-news/page/99.html]
[www.albanyacademybahamas.com/aa-news/page/version/version/rb_wixui.thunderbolt_bootstrap-responsive.e3671379.chunk.min.html]
[www.albanyacademybahamas.com/aa-news/page/98.html]
[www.albanyacademybahamas.com/post/heath-kane-places-second-in-the-hjgt-central-florida-summer-junior-open.html]
[www.albanyacademybahamas.com/post/huge-win-for-cameron-johnstone-at-the-faldo-series-scotland-championship.html]
[static.wixstatic.com/media/d5e4a0_4cc80527f8fc4c7196a333faf841dbe8_mv2.jpg/v1/fill/w_138,h_138,al_c,q_80,usm_0.66_1.00_0.01,blur_2/d5e4a0_4cc80527f8fc4c7196a333fa]
[www.albanyacademybahamas.com/post/luke-block-takes-third-in-hjgt-union-county-junior-open.html]
[static.wixstatic.com/media/d5e4a0_b6ce80681ca14cb2853899157d3dc20d_mv2.jpg/v1/fill/w_147,h_168,al_c,q_80,usm_0.66_1.00_0.01,blur_2/d5e4a0_b6ce80681ca14cb285389915]
[www.albanyacademybahamas.com/post/sophie-anand-wins-32nd-caribbean-junior-amateur-girls-championship.html]
[static.wixstatic.com/media/d5e4a0_26131073fe0d4208b4fb8c933be0aecb_mv2_d_2/v1/fill/w_147,h_147,al_c,q_80,usm_0.66_1.00_0.01,blur_2/d5e4a0_26131073fe0d4208b4fb8c93]
[www.albanyacademybahamas.com/post/darcey-harry-scores-lowest-round-in-personal-history.html]
[static.wixstatic.com/media/d5e4a0_1eacfdcc5cfc4783a17b634759034f4e_mv2.jpe/v1/fill/w_138,h_184,al_c,q_80,usm_0.66_1.00_0.01,blur_2/d5e4a0_1eacfdcc5cfc4783a17b6347]
[static.wixstatic.com/media/d5e4a0_b1dc70377705488391eae6bde60cbac1_mv2.jpg/v1/fill/w_115,h_122,al_c,q_80,usm_0.66_1.00_0.01,blur_2/d5e4a0_b1dc70377705488391eae6bd]
[www.albanyacademybahamas.com/post/sophie-anand-joins-the-winner-s-circle-again.html]
[www.albanyacademybahamas.com/post/albany-academy-represents-the-bahamas-national-team-in-the-dominican-republic.html]
[static.wixstatic.com/media/d5e4a0_6e48068abcd446b9b6bc8090317f4731_mv2.jpg/v1/fill/w_115,h_115,al_c,q_80,usm_0.66_1.00_0.01,blur_2/d5e4a0_6e48068abcd446b9b6bc8090]
[www.albanyacademybahamas.com/post/alexis-valenzuela-clinches-u-s-junior-championship-qualification.html]
[static.wixstatic.com/media/d5e4a0_13477cba7c4042298bf91e8f2dfa0844_mv2.jpg/v1/fill/w_138,h_138,al_c,q_80,usm_0.66_1.00_0.01,blur_2/d5e4a0_13477cba7c4042298bf91e8f]
[static.wixstatic.com/media/d5e4a0_0ecd8470da8e408d8390e3a793ef650f_mv2.jpg/v1/fill/w_147,h_110,al_c,q_80,usm_0.66_1.00_0.01,blur_2/d5e4a0_0ecd8470da8e408d8390e3a7]
[www.albanyacademybahamas.com/post/darcey-harry-represents-wales-in-the-2019-european-young-masters.html]
[static.wixstatic.com/media/d5e4a0_db146bcf65d64f73b5a111968295f15e_mv2.jpg/v1/fill/w_147,h_123,al_c,q_80,usm_0.66_1.00_0.01,blur_2/d5e4a0_db146bcf65d64f73b5a11196]
[www.albanyacademybahamas.com/post/cameron-johnstone-climbs-the-leaderboard.html]
[static.wixstatic.com/media/d5e4a0_de2624f82e654b808620a7c31f40d8d9_mv2_d_1/v1/fill/w_147,h_110,al_c,q_80,usm_0.66_1.00_0.01,blur_2/d5e4a0_de2624f82e654b808620a7c3]
[www.albanyacademybahamas.com/post/darcey-harry-makes-the-gb-i-team-for-the-vagliano-trophy-match.html]
[static.wixstatic.com/media/a27d24_4c91b71e09bd4d3386b766d17b668a72_mv2_d_1/v1/fill/w_49,h_65,al_c,q_85,usm_0.66_1.00_0.01,blur_2,e/a27d24_4c91b71e09bd4d3386b766d1]
[static.wixstatic.com/media/d5e4a0_200e875aee8b43909e80031e8d85928a_mv2.png/v1/fill/w_80,h_134,al_c,q_85,usm_0.66_1.00_0.01,blur_2,/d5e4a0_200e875aee8b43909e80031e]
[www.albanyacademybahamas.com/post/jenna-bayles-wins-the-national-women-s-amateur-golf-championship.html]
[static.wixstatic.com/media/d5e4a0_bbefd6435dfe436fadf3be5a3a82d81d_mv2.png/v1/fill/w_49,h_37,al_c,q_85,usm_0.66_1.00_0.01,blur_2,e/d5e4a0_bbefd6435dfe436fadf3be5a]
[www.albanyacademybahamas.com/post/version/decodeURIComponent(e.html]
[www.albanyacademybahamas.com/post/version/robots.html]
[www.albanyacademybahamas.com/post/version/sitemap.html]
[www.albanyacademybahamas.com/post/version/feed.html]
[www.albanyacademybahamas.com/post/version.html]
[www.albanyacademybahamas.com/post/version/99a6a99f.min.html]
[www.albanyacademybahamas.com/post/version/7a36fe10.chunk.min.html]
[www.albanyacademybahamas.com/post/version/e3671379.chunk.min.html]
[www.albanyacademybahamas.com/post/version/rb_wixui.thunderbolt_bootstrap-classic.db545a77.chunk.min.html]
[www.albanyacademybahamas.com/post/version/rb_wixui.thunderbolt_bootstrap.8a86afda.chunk.min.html]
[www.albanyacademybahamas.com/post/version/rb_wixui.thunderbolt_bootstrap.7a36fe10.chunk.min.html]
[www.albanyacademybahamas.com/post/version/rb_wixui.thunderbolt_bootstrap-responsive.f3ca696f.chunk.min.html]
[www.albanyacademybahamas.com/post/version/rb_wixui.thunderbolt_bootstrap-responsive.e3671379.chunk.min.html]
[www.albanyacademybahamas.com/post/outstanding-performances-in-jakarta-indonesia.html]
[www.albanyacademybahamas.com/post/remarkable-tournament-weekend-for-albany-academy.html]
[static.wixstatic.com/media/699095_595797e521994a019a25c8dec0483548_mv2_d_2/v1/fill/w_147,h_147,al_c,q_80,usm_0.66_1.00_0.01,blur_2/699095_595797e521994a019a25c8de]
[static.wixstatic.com/media/699095_df024fa1b8bd495d8044934e078a0c93_mv2_d_2/v1/fill/w_147,h_88,al_c,q_80,usm_0.66_1.00_0.01,blur_2,/699095_df024fa1b8bd495d8044934e]
[www.albanyacademybahamas.com/post/a-skillful-third-place-win-for-sophie-anand.html]
[www.albanyacademybahamas.com/post/anne-fernandez-titled-champion-in-the-orlando-fall-junior-open.html]
[www.albanyacademybahamas.com/post/a-first-place-victory-for-zion-taylor-at-the-bpgt.html]
